Archive member included to satisfy reference by file (symbol)

.pio/build/genericSTM32F401CC/lib9f7/libWire.a(Wire.cpp.o)
                              .pio/build/genericSTM32F401CC/src/main.cpp.o (TwoWire::begin(bool))
.pio/build/genericSTM32F401CC/lib9f7/libWire.a(twi.c.o)
                              .pio/build/genericSTM32F401CC/lib9f7/libWire.a(Wire.cpp.o) (i2c_init)
.pio/build/genericSTM32F401CC/lib79c/libAdafruit BNO08x.a(Adafruit_BNO08x.cpp.o)
                              .pio/build/genericSTM32F401CC/src/main.cpp.o (Adafruit_BNO08x::Adafruit_BNO08x(signed char))
.pio/build/genericSTM32F401CC/lib79c/libAdafruit BNO08x.a(sh2.c.o)
                              .pio/build/genericSTM32F401CC/lib79c/libAdafruit BNO08x.a(Adafruit_BNO08x.cpp.o) (sh2_open)
.pio/build/genericSTM32F401CC/lib79c/libAdafruit BNO08x.a(sh2_SensorValue.c.o)
                              .pio/build/genericSTM32F401CC/lib79c/libAdafruit BNO08x.a(Adafruit_BNO08x.cpp.o) (sh2_decodeSensorEvent)
.pio/build/genericSTM32F401CC/lib79c/libAdafruit BNO08x.a(sh2_util.c.o)
                              .pio/build/genericSTM32F401CC/lib79c/libAdafruit BNO08x.a(sh2_SensorValue.c.o) (readu16)
.pio/build/genericSTM32F401CC/lib79c/libAdafruit BNO08x.a(shtp.c.o)
                              .pio/build/genericSTM32F401CC/lib79c/libAdafruit BNO08x.a(sh2.c.o) (shtp_close)
.pio/build/genericSTM32F401CC/lib2bb/libBlueRobotics MS5837 Library.a(MS5837.cpp.o)
                              .pio/build/genericSTM32F401CC/src/main.cpp.o (MS5837::MS5837())
.pio/build/genericSTM32F401CC/lib524/libRosserial Arduino Library.a(time.cpp.o)
                              .pio/build/genericSTM32F401CC/src/communication_interface.cpp.o (ros::normalizeSecNSec(unsigned long&, unsigned long&))
.pio/build/genericSTM32F401CC/lib524/libRosserial Arduino Library.a(duration.cpp.o)
                              .pio/build/genericSTM32F401CC/lib524/libRosserial Arduino Library.a(time.cpp.o) (ros::normalizeSecNSecSigned(long&, long&))
.pio/build/genericSTM32F401CC/libff0/libServo.a(Servo.cpp.o)
                              .pio/build/genericSTM32F401CC/src/thruster_interface.cpp.o (Servo::Servo())
.pio/build/genericSTM32F401CC/libFrameworkArduino.a(HardwareSerial.cpp.o)
                              .pio/build/genericSTM32F401CC/lib79c/libAdafruit BNO08x.a(Adafruit_BNO08x.cpp.o) (HardwareSerial::end())
.pio/build/genericSTM32F401CC/libFrameworkArduino.a(Print.cpp.o)
                              .pio/build/genericSTM32F401CC/src/sensor_interface.cpp.o (Print::print(char const*))
.pio/build/genericSTM32F401CC/libFrameworkArduino.a(Stream.cpp.o)
                              .pio/build/genericSTM32F401CC/lib9f7/libWire.a(Wire.cpp.o) (Stream::readBytes(char*, unsigned int))
.pio/build/genericSTM32F401CC/libFrameworkArduino.a(WMath.cpp.o)
                              .pio/build/genericSTM32F401CC/libff0/libServo.a(Servo.cpp.o) (map(long, long, long, long, long))
.pio/build/genericSTM32F401CC/libFrameworkArduino.a(WString.cpp.o)
                              .pio/build/genericSTM32F401CC/libFrameworkArduino.a(Stream.cpp.o) (String::String(char const*))
.pio/build/genericSTM32F401CC/libFrameworkArduino.a(dtostrf.c.o)
                              .pio/build/genericSTM32F401CC/libFrameworkArduino.a(WString.cpp.o) (dtostrf)
.pio/build/genericSTM32F401CC/libFrameworkArduino.a(hooks.c.o)
                              .pio/build/genericSTM32F401CC/lib79c/libAdafruit BNO08x.a(Adafruit_BNO08x.cpp.o) (yield)
.pio/build/genericSTM32F401CC/libFrameworkArduino.a(itoa.c.o)
                              .pio/build/genericSTM32F401CC/libFrameworkArduino.a(WString.cpp.o) (ltoa)
.pio/build/genericSTM32F401CC/libFrameworkArduino.a(main.cpp.o)
                              /home/piyush/.platformio/packages/toolchain-gccarmnoneeabi/bin/../lib/gcc/arm-none-eabi/12.3.1/../../../../arm-none-eabi/lib/thumb/v7e-m+fp/hard/crt0.o (main)
.pio/build/genericSTM32F401CC/libFrameworkArduino.a(pins_arduino.c.o)
                              .pio/build/genericSTM32F401CC/lib9f7/libWire.a(Wire.cpp.o) (pinNametoDigitalPin)
.pio/build/genericSTM32F401CC/libFrameworkArduino.a(startup_stm32yyxx.S.o)
                              (Reset_Handler)
.pio/build/genericSTM32F401CC/libFrameworkArduino.a(wiring_digital.c.o)
                              .pio/build/genericSTM32F401CC/src/diagnostics.cpp.o (pinMode)
.pio/build/genericSTM32F401CC/libFrameworkArduino.a(wiring_time.c.o)
                              .pio/build/genericSTM32F401CC/USBDevice/src/USBSerial.cpp.o (millis)
.pio/build/genericSTM32F401CC/libFrameworkArduino.a(WSerial.cpp.o)
                              .pio/build/genericSTM32F401CC/libFrameworkArduino.a(main.cpp.o) (serialEventRun())
.pio/build/genericSTM32F401CC/libFrameworkArduino.a(board.c.o)
                              .pio/build/genericSTM32F401CC/libFrameworkArduino.a(main.cpp.o) (init)
.pio/build/genericSTM32F401CC/libFrameworkArduino.a(wiring_analog.c.o)
[...]
Memory Configuration

Name             Origin             Length             Attributes
*default*        0x00000000         0xffffffff
RAM              0x20000000         0x00010000         xrw
FLASH            0x08000000         0x00040000         xr

Linker script and memory map

                0x20010000                        _estack = (ORIGIN (RAM) + LENGTH (RAM))
                0x00000200                        _Min_Heap_Size = 0x200
                0x00000400                        _Min_Stack_Size = 0x400

.isr_vector     0x08000000      0x194
                0x08000000                        . = ALIGN (0x4)
 *(.isr_vector)
 .isr_vector    0x08000000      0x194 .pio/build/genericSTM32F401CC/libFrameworkArduino.a(startup_stm32yyxx.S.o)
                0x08000000                g_pfnVectors
                0x08000194                        . = ALIGN (0x4)

.text           0x08000198     0xc8d0
                0x08000198                        . = ALIGN (0x4)
 *(.text)
 .text          0x08000198      0x378 /home/piyush/.platformio/packages/toolchain-gccarmnoneeabi/bin/../lib/gcc/arm-none-eabi/12.3.1/thumb/v7e-m+fp/hard/libgcc.a(_arm_addsubdf3.o)
                0x08000198                __aeabi_drsub
                0x080001a0                __aeabi_dsub
                0x080001a0                __subdf3
                0x080001a4                __adddf3
                0x080001a4                __aeabi_dadd
                0x0800041c                __aeabi_ui2d
                0x0800041c                __floatunsidf
                0x0800043c                __floatsidf
                0x0800043c                __aeabi_i2d
                0x08000460                __extendsfdf2
                0x08000460                __aeabi_f2d
                0x080004a4                __aeabi_ul2d
                0x080004a4                __floatundidf
                0x080004b4                __floatdidf
                0x080004b4                __aeabi_l2d
 .text          0x08000510      0x424 /home/piyush/.platformio/packages/toolchain-gccarmnoneeabi/bin/../lib/gcc/arm-none-eabi/12.3.1/thumb/v7e-m+fp/hard/libgcc.a(_arm_muldivdf3.o)
                0x08000510                __aeabi_dmul
                0x08000510                __muldf3
                0x08000764                __aeabi_ddiv
                0x08000764                __divdf3
 .text          0x08000934      0x110 /home/piyush/.platformio/packages/toolchain-gccarmnoneeabi/bin/../lib/gcc/arm-none-eabi/12.3.1/thumb/v7e-m+fp/hard/libgcc.a(_arm_cmpdf2.o)
                0x08000934                __gtdf2
                0x08000934                __gedf2
                0x0800093c                __ltdf2
                0x0800093c                __ledf2
                0x08000944                __cmpdf2
                0x08000944                __eqdf2
                0x08000944                __nedf2
                0x080009c0                __aeabi_cdrcmple
                0x080009d0                __aeabi_cdcmple
                0x080009d0                __aeabi_cdcmpeq
                0x080009e0                __aeabi_dcmpeq
                0x080009f4                __aeabi_dcmplt
                0x08000a08                __aeabi_dcmple
                0x08000a1c                __aeabi_dcmpge
                0x08000a30                __aeabi_dcmpgt
 .text          0x08000a44       0x2c /home/piyush/.platformio/packages/toolchain-gccarmnoneeabi/bin/../lib/gcc/arm-none-eabi/12.3.1/thumb/v7e-m+fp/hard/libgcc.a(_arm_unorddf2.o)
                0x08000a44                __aeabi_dcmpun
                0x08000a44                __unorddf2
 .text          0x08000a70       0xa0 /home/piyush/.platformio/packages/toolchain-gccarmnoneeabi/bin/../lib/gcc/arm-none-eabi/12.3.1/thumb/v7e-m+fp/hard/libgcc.a(_arm_truncdfsf2.o)
                0x08000a70                __aeabi_d2f
                0x08000a70                __truncdfsf2
 .text          0x08000b10       0x30 /home/piyush/.platformio/packages/toolchain-gccarmnoneeabi/bin/../lib/gcc/arm-none-eabi/12.3.1/thumb/v7e-m+fp/hard/libgcc.a(_aeabi_uldivmod.o)
                0x08000b10                __aeabi_uldivmod
 .text          0x08000b40        0x4 /home/piyush/.platformio/packages/toolchain-gccarmnoneeabi/bin/../lib/gcc/arm-none-eabi/12.3.1/thumb/v7e-m+fp/hard/libgcc.a(_dvmd_tls.o)
                0x08000b40                __aeabi_ldiv0
                0x08000b40                __aeabi_idiv0
 .text          0x08000b44       0x14 /home/piyush/.platformio/packages/toolchain-gccarmnoneeabi/bin/../lib/gcc/arm-none-eabi/12.3.1/../../../../arm-none-eabi/lib/thumb/v7e-m+fp/hard/libc_nano.a(libc_a-strcmp.o)
                0x08000b44                strcmp
 .text          0x08000b58       0x10 /home/piyush/.platformio/packages/toolchain-gccarmnoneeabi/bin/../lib/gcc/arm-none-eabi/12.3.1/../../../../arm-none-eabi/lib/thumb/v7e-m+fp/hard/libc_nano.a(libc_a-strlen.o)
                0x08000b58                strlen
 *(.text*)
 .text.__do_global_dtors_aux
                0x08000b68       0x24 /home/piyush/.platformio/packages/toolchain-gccarmnoneeabi/bin/../lib/gcc/arm-none-eabi/12.3.1/thumb/v7e-m+fp/hard/crtbegin.o
 .text.frame_dummy
                0x08000b8c       0x1c /home/piyush/.platformio/packages/toolchain-gccarmnoneeabi/bin/../lib/gcc/arm-none-eabi/12.3.1/thumb/v7e-m+fp/hard/crtbegin.o
 .text._ZN9USBSerial5writeEh
                0x08000ba8       0x18 .pio/build/genericSTM32F401CC/USBDevice/src/USBSerial.cpp.o
                0x08000ba8                USBSerial::write(unsigned char)
 .text._ZN9USBSerial17availableForWriteEv
                0x08000bc0        0xc .pio/build/genericSTM32F401CC/USBDevice/src/USBSerial.cpp.o
                0x08000bc0                USBSerial::availableForWrite()
 .text._ZN9USBSerial5writeEPKhj
                0x08000bcc       0x48 .pio/build/genericSTM32F401CC/USBDevice/src/USBSerial.cpp.o
                0x08000bcc                USBSerial::write(unsigned char const*, unsigned int)
 .text._ZN9USBSerial9availableEv
                0x08000c14        0xc .pio/build/genericSTM32F401CC/USBDevice/src/USBSerial.cpp.o
                0x08000c14                USBSerial::available()
 .text._ZN9USBSerial4readEv
                0x08000c20       0x18 .pio/build/genericSTM32F401CC/USBDevice/src/USBSerial.cpp.o
                0x08000c20                USBSerial::read()
 .text._ZN9USBSerial9readBytesEPcj
                0x08000c38       0x4c .pio/build/genericSTM32F401CC/USBDevice/src/USBSerial.cpp.o
                0x08000c38                USBSerial::readBytes(char*, unsigned int)
 .text._ZN9USBSerial14readBytesUntilEcPcj
                0x08000c84       0x68 .pio/build/genericSTM32F401CC/USBDevice/src/USBSerial.cpp.o
                0x08000c84                USBSerial::readBytesUntil(char, char*, unsigned int)
 .text._ZN9USBSerial4peekEv
                0x08000cec        0xc .pio/build/genericSTM32F401CC/USBDevice/src/USBSerial.cpp.o
                0x08000cec                USBSerial::peek()
 .text._ZN9USBSerial5flushEv
                0x08000cf8       0x14 .pio/build/genericSTM32F401CC/USBDevice/src/USBSerial.cpp.o
                0x08000cf8                USBSerial::flush()
 .text._ZN9USBSerial5beginEm
                0x08000d0c        0x4 .pio/build/genericSTM32F401CC/USBDevice/src/USBSerial.cpp.o
                0x08000d0c                USBSerial::begin(unsigned long)
 .text._ZN9USBSerialcvbEv
                0x08000d10       0x14 .pio/build/genericSTM32F401CC/USBDevice/src/USBSerial.cpp.o
                0x08000d10                USBSerial::operator bool()
 .text.startup._GLOBAL__sub_I_SerialUSB
                0x08000d24       0x1c .pio/build/genericSTM32F401CC/USBDevice/src/USBSerial.cpp.o
 .text.CDC_TransmitQueue_Init
                0x08000d40        0xc .pio/build/genericSTM32F401CC/USBDevice/src/cdc/cdc_queue.c.o
                0x08000d40                CDC_TransmitQueue_Init
 .text.CDC_TransmitQueue_WriteSize
                0x08000d4c       0x20 .pio/build/genericSTM32F401CC/USBDevice/src/cdc/cdc_queue.c.o
                0x08000d4c                CDC_TransmitQueue_WriteSize
 .text.CDC_TransmitQueue_ReadSize
                0x08000d6c       0x22 .pio/build/genericSTM32F401CC/USBDevice/src/cdc/cdc_queue.c.o
                0x08000d6c                CDC_TransmitQueue_ReadSize
 .text.CDC_TransmitQueue_Enqueue
                0x08000d8e       0x46 .pio/build/genericSTM32F401CC/USBDevice/src/cdc/cdc_queue.c.o
                0x08000d8e                CDC_TransmitQueue_Enqueue
 .text.CDC_TransmitQueue_ReadBlock
                0x08000dd4       0x36 .pio/build/genericSTM32F401CC/USBDevice/src/cdc/cdc_queue.c.o
                0x08000dd4                CDC_TransmitQueue_ReadBlock
 .text.CDC_TransmitQueue_CommitRead
                0x08000e0a       0x14 .pio/build/genericSTM32F401CC/USBDevice/src/cdc/cdc_queue.c.o
                0x08000e0a                CDC_TransmitQueue_CommitRead
 .text.CDC_ReceiveQueue_Init
                0x08000e1e       0x12 .pio/build/genericSTM32F401CC/USBDevice/src/cdc/cdc_queue.c.o
                0x08000e1e                CDC_ReceiveQueue_Init
 .text.CDC_ReceiveQueue_ReserveBlock
                0x08000e30       0x74 .pio/build/genericSTM32F401CC/USBDevice/src/cdc/cdc_queue.c.o
                0x08000e30                CDC_ReceiveQueue_ReserveBlock
 .text.CDC_ReceiveQueue_CommitBlock
                0x08000ea4       0x36 .pio/build/genericSTM32F401CC/USBDevice/src/cdc/cdc_queue.c.o
                0x08000ea4                CDC_ReceiveQueue_CommitBlock
 .text.CDC_ReceiveQueue_ReadSize
                0x08000eda       0x50 .pio/build/genericSTM32F401CC/USBDevice/src/cdc/cdc_queue.c.o
                0x08000eda                CDC_ReceiveQueue_ReadSize
 .text.CDC_ReceiveQueue_Dequeue
                0x08000f2a       0x6e .pio/build/genericSTM32F401CC/USBDevice/src/cdc/cdc_queue.c.o
                0x08000f2a                CDC_ReceiveQueue_Dequeue
 .text.CDC_ReceiveQueue_Peek
                0x08000f98       0x4c .pio/build/genericSTM32F401CC/USBDevice/src/cdc/cdc_queue.c.o
                0x08000f98                CDC_ReceiveQueue_Peek
 .text.CDC_ReceiveQueue_Read
                0x08000fe4       0x90 .pio/build/genericSTM32F401CC/USBDevice/src/cdc/cdc_queue.c.o
                0x08000fe4                CDC_ReceiveQueue_Read
 .text.CDC_ReceiveQueue_ReadUntil
                0x08001074       0xd0 .pio/build/genericSTM32F401CC/USBDevice/src/cdc/cdc_queue.c.o
                0x08001074                CDC_ReceiveQueue_ReadUntil
 .text.USBD_CDC_EP0_RxReady
                0x08001144       0x38 .pio/build/genericSTM32F401CC/USBDevice/src/cdc/usbd_cdc.c.o
 .text.USBD_CDC_GetDeviceQualifierDescriptor
                0x0800117c        0xc .pio/build/genericSTM32F401CC/USBDevice/src/cdc/usbd_cdc.c.o
                0x0800117c                USBD_CDC_GetDeviceQualifierDescriptor
 .text.USBD_CDC_GetOtherSpeedCfgDesc
                0x08001188       0x48 .pio/build/genericSTM32F401CC/USBDevice/src/cdc/usbd_cdc.c.o
 .text.USBD_CDC_GetFSCfgDesc
                0x080011d0       0x48 .pio/build/genericSTM32F401CC/USBDevice/src/cdc/usbd_cdc.c.o
 .text.USBD_CDC_GetHSCfgDesc
                0x08001218       0x48 .pio/build/genericSTM32F401CC/USBDevice/src/cdc/usbd_cdc.c.o
 .text.USBD_CDC_DataOut
                0x08001260       0x38 .pio/build/genericSTM32F401CC/USBDevice/src/cdc/usbd_cdc.c.o
 .text.USBD_CDC_DataIn
                0x08001298       0x64 .pio/build/genericSTM32F401CC/USBDevice/src/cdc/usbd_cdc.c.o
 .text.USBD_CDC_Setup
                0x080012fc       0xf0 .pio/build/genericSTM32F401CC/USBDevice/src/cdc/usbd_cdc.c.o
 .text.USBD_CDC_DeInit
                0x080013ec       0x4e .pio/build/genericSTM32F401CC/USBDevice/src/cdc/usbd_cdc.c.o
 *fill*         0x0800143a        0x2 
 .text.USBD_CDC_Init
                0x0800143c       0xbc .pio/build/genericSTM32F401CC/USBDevice/src/cdc/usbd_cdc.c.o
 .text.USBD_CDC_RegisterInterface
                0x080014f8       0x16 .pio/build/genericSTM32F401CC/USBDevice/src/cdc/usbd_cdc.c.o
                0x080014f8                USBD_CDC_RegisterInterface
 .text.USBD_CDC_SetTxBuffer
                0x0800150e       0x1c .pio/build/genericSTM32F401CC/USBDevice/src/cdc/usbd_cdc.c.o
                0x0800150e                USBD_CDC_SetTxBuffer
 .text.USBD_CDC_SetRxBuffer
                0x0800152a       0x18 .pio/build/genericSTM32F401CC/USBDevice/src/cdc/usbd_cdc.c.o
                0x0800152a                USBD_CDC_SetRxBuffer
 .text.USBD_CDC_TransmitPacket
                0x08001542       0x36 .pio/build/genericSTM32F401CC/USBDevice/src/cdc/usbd_cdc.c.o
                0x08001542                USBD_CDC_TransmitPacket
 .text.USBD_CDC_ReceivePacket
                0x08001578       0x2c .pio/build/genericSTM32F401CC/USBDevice/src/cdc/usbd_cdc.c.o
                0x08001578                USBD_CDC_ReceivePacket
 .text.USBD_CDC_ClearBuffer
                0x080015a4       0x20 .pio/build/genericSTM32F401CC/USBDevice/src/cdc/usbd_cdc.c.o
                0x080015a4                USBD_CDC_ClearBuffer
 .text.USBD_CDC_DeInit
                0x080015c4        0x4 .pio/build/genericSTM32F401CC/USBDevice/src/cdc/usbd_cdc_if.c.o
 .text.USBD_CDC_Control
                0x080015c8       0x84 .pio/build/genericSTM32F401CC/USBDevice/src/cdc/usbd_cdc_if.c.o
 .text.USBD_CDC_Init
                0x0800164c       0x38 .pio/build/genericSTM32F401CC/USBDevice/src/cdc/usbd_cdc_if.c.o
 .text.CDC_init
                0x08001684       0x48 .pio/build/genericSTM32F401CC/USBDevice/src/cdc/usbd_cdc_if.c.o
                0x08001684                CDC_init
 .text.CDC_connected
                0x080016cc       0x40 .pio/build/genericSTM32F401CC/USBDevice/src/cdc/usbd_cdc_if.c.o
                0x080016cc                CDC_connected
 .text.CDC_continue_transmit
                0x0800170c       0x4c .pio/build/genericSTM32F401CC/USBDevice/src/cdc/usbd_cdc_if.c.o
                0x0800170c                CDC_continue_transmit
 .text.USBD_CDC_TransmitCplt
                0x08001758       0x20 .pio/build/genericSTM32F401CC/USBDevice/src/cdc/usbd_cdc_if.c.o
 .text.CDC_resume_receive
                0x08001778       0x38 .pio/build/genericSTM32F401CC/USBDevice/src/cdc/usbd_cdc_if.c.o
                0x08001778                CDC_resume_receive
 .text.USBD_CDC_Receive
                0x080017b0       0x2c .pio/build/genericSTM32F401CC/USBDevice/src/cdc/usbd_cdc_if.c.o
 .text.USBD_Init
                0x080017dc       0x26 .pio/build/genericSTM32F401CC/USBDevice/src/usb_device_core.c.o
                0x080017dc                USBD_Init
 .text.USBD_RegisterClass
                0x08001802       0x32 .pio/build/genericSTM32F401CC/USBDevice/src/usb_device_core.c.o
                0x08001802                USBD_RegisterClass
 .text.USBD_Start
                0x08001834        0x4 .pio/build/genericSTM32F401CC/USBDevice/src/usb_device_core.c.o
                0x08001834                USBD_Start
 .text.USBD_SetClassConfig
                0x08001838        0xe .pio/build/genericSTM32F401CC/USBDevice/src/usb_device_core.c.o
                0x08001838                USBD_SetClassConfig
 .text.USBD_ClrClassConfig
                0x08001846       0x12 .pio/build/genericSTM32F401CC/USBDevice/src/usb_device_core.c.o
                0x08001846                USBD_ClrClassConfig
 .text.USBD_LL_SetupStage
                0x08001858       0x60 .pio/build/genericSTM32F401CC/USBDevice/src/usb_device_core.c.o
                0x08001858                USBD_LL_SetupStage
 .text.USBD_LL_DataOutStage
                0x080018b8       0x6a .pio/build/genericSTM32F401CC/USBDevice/src/usb_device_core.c.o
                0x080018b8                USBD_LL_DataOutStage
 .text.USBD_LL_DataInStage
                0x08001922       0xa6 .pio/build/genericSTM32F401CC/USBDevice/src/usb_device_core.c.o
                0x08001922                USBD_LL_DataInStage
 .text.USBD_LL_Reset
                0x080019c8       0x5e .pio/build/genericSTM32F401CC/USBDevice/src/usb_device_core.c.o
                0x080019c8                USBD_LL_Reset
 .text.USBD_LL_SetSpeed
                0x08001a26        0x6 .pio/build/genericSTM32F401CC/USBDevice/src/usb_device_core.c.o
                0x08001a26                USBD_LL_SetSpeed
 .text.USBD_LL_Suspend
                0x08001a2c       0x1c .pio/build/genericSTM32F401CC/USBDevice/src/usb_device_core.c.o
                0x08001a2c                USBD_LL_Suspend
 .text.USBD_LL_Resume
                0x08001a48       0x16 .pio/build/genericSTM32F401CC/USBDevice/src/usb_device_core.c.o
                0x08001a48                USBD_LL_Resume
 .text.USBD_LL_SOF
                0x08001a5e       0x1a .pio/build/genericSTM32F401CC/USBDevice/src/usb_device_core.c.o
                0x08001a5e                USBD_LL_SOF
 .text.USBD_LL_IsoINIncomplete
                0x08001a78       0x26 .pio/build/genericSTM32F401CC/USBDevice/src/usb_device_core.c.o
                0x08001a78                USBD_LL_IsoINIncomplete
 .text.USBD_LL_IsoOUTIncomplete
                0x08001a9e       0x26 .pio/build/genericSTM32F401CC/USBDevice/src/usb_device_core.c.o
                0x08001a9e                USBD_LL_IsoOUTIncomplete
 .text.USBD_LL_DevConnected
                0x08001ac4        0x4 .pio/build/genericSTM32F401CC/USBDevice/src/usb_device_core.c.o
                0x08001ac4                USBD_LL_DevConnected
 .text.USBD_LL_DevDisconnected
                0x08001ac8       0x20 .pio/build/genericSTM32F401CC/USBDevice/src/usb_device_core.c.o
                0x08001ac8                USBD_LL_DevDisconnected
 .text.USBD_CoreFindIF
                0x08001ae8        0x4 .pio/build/genericSTM32F401CC/USBDevice/src/usb_device_core.c.o
                0x08001ae8                USBD_CoreFindIF
 .text.USBD_CoreFindEP
                0x08001aec        0x4 .pio/build/genericSTM32F401CC/USBDevice/src/usb_device_core.c.o
                0x08001aec                USBD_CoreFindEP
 .text.USBD_GetEpDesc
                0x08001af0       0x24 .pio/build/genericSTM32F401CC/USBDevice/src/usb_device_core.c.o
                0x08001af0                USBD_GetEpDesc
 .text.USBD_CtlError.constprop.0
                0x08001b14       0x16 .pio/build/genericSTM32F401CC/USBDevice/src/usb_device_ctlreq.c.o
 *fill*         0x08001b2a        0x2 
 .text.USBD_StdDevReq
                0x08001b2c      0x288 .pio/build/genericSTM32F401CC/USBDevice/src/usb_device_ctlreq.c.o
                0x08001b2c                USBD_StdDevReq
 .text.USBD_StdItfReq
                0x08001db4       0x5a .pio/build/genericSTM32F401CC/USBDevice/src/usb_device_ctlreq.c.o
                0x08001db4                USBD_StdItfReq
 .text.USBD_StdEPReq
                0x08001e0e      0x13a .pio/build/genericSTM32F401CC/USBDevice/src/usb_device_ctlreq.c.o
                0x08001e0e                USBD_StdEPReq
 .text.USBD_ParseSetupRequest
                0x08001f48       0x16 .pio/build/genericSTM32F401CC/USBDevice/src/usb_device_ctlreq.c.o
                0x08001f48                USBD_ParseSetupRequest
 .text.USBD_CtlError
                0x08001f5e       0x16 .pio/build/genericSTM32F401CC/USBDevice/src/usb_device_ctlreq.c.o
                0x08001f5e                USBD_CtlError
 .text.USBD_GetString
                0x08001f74       0x42 .pio/build/genericSTM32F401CC/USBDevice/src/usb_device_ctlreq.c.o
                0x08001f74                USBD_GetString
 .text.USBD_CtlSendData
                0x08001fb6       0x1a .pio/build/genericSTM32F401CC/USBDevice/src/usb_device_ioreq.c.o
                0x08001fb6                USBD_CtlSendData
 .text.USBD_CtlContinueSendData
                0x08001fd0       0x10 .pio/build/genericSTM32F401CC/USBDevice/src/usb_device_ioreq.c.o
                0x08001fd0                USBD_CtlContinueSendData
 .text.USBD_CtlPrepareRx
                0x08001fe0       0x1a .pio/build/genericSTM32F401CC/USBDevice/src/usb_device_ioreq.c.o
                0x08001fe0                USBD_CtlPrepareRx
 .text.USBD_CtlContinueRx
                0x08001ffa       0x10 .pio/build/genericSTM32F401CC/USBDevice/src/usb_device_ioreq.c.o
                0x08001ffa                USBD_CtlContinueRx
 .text.USBD_CtlSendStatus
                0x0800200a       0x16 .pio/build/genericSTM32F401CC/USBDevice/src/usb_device_ioreq.c.o
                0x0800200a                USBD_CtlSendStatus
 .text.USBD_CtlReceiveStatus
                0x08002020       0x16 .pio/build/genericSTM32F401CC/USBDevice/src/usb_device_ioreq.c.o
                0x08002020                USBD_CtlReceiveStatus
 *fill*         0x08002036        0x2 
 .text.HAL_PCD_MspInit
                0x08002038       0x98 .pio/build/genericSTM32F401CC/USBDevice/src/usbd_conf.c.o
                0x08002038                HAL_PCD_MspInit
 .text.HAL_PCD_SetupStageCallback
                0x080020d0        0xc .pio/build/genericSTM32F401CC/USBDevice/src/usbd_conf.c.o
                0x080020d0                HAL_PCD_SetupStageCallback
 .text.HAL_PCD_DataOutStageCallback
                0x080020dc       0x12 .pio/build/genericSTM32F401CC/USBDevice/src/usbd_conf.c.o
                0x080020dc                HAL_PCD_DataOutStageCallback
 .text.HAL_PCD_DataInStageCallback
                0x080020ee       0x10 .pio/build/genericSTM32F401CC/USBDevice/src/usbd_conf.c.o
                0x080020ee                HAL_PCD_DataInStageCallback
 .text.HAL_PCD_SOFCallback
                0x080020fe        0x8 .pio/build/genericSTM32F401CC/USBDevice/src/usbd_conf.c.o
                0x080020fe                HAL_PCD_SOFCallback
 .text.HAL_PCD_ResetCallback
                0x08002106       0x1a .pio/build/genericSTM32F401CC/USBDevice/src/usbd_conf.c.o
                0x08002106                HAL_PCD_ResetCallback
 .text.HAL_PCD_SuspendCallback
                0x08002120       0x30 .pio/build/genericSTM32F401CC/USBDevice/src/usbd_conf.c.o
                0x08002120                HAL_PCD_SuspendCallback
 .text.HAL_PCD_ResumeCallback
                0x08002150       0x34 .pio/build/genericSTM32F401CC/USBDevice/src/usbd_conf.c.o
                0x08002150                HAL_PCD_ResumeCallback
 .text.HAL_PCD_ISOOUTIncompleteCallback
                0x08002184        0x8 .pio/build/genericSTM32F401CC/USBDevice/src/usbd_conf.c.o
                0x08002184                HAL_PCD_ISOOUTIncompleteCallback
 .text.HAL_PCD_ISOINIncompleteCallback
                0x0800218c        0x8 .pio/build/genericSTM32F401CC/USBDevice/src/usbd_conf.c.o
                0x0800218c                HAL_PCD_ISOINIncompleteCallback
 .text.HAL_PCD_ConnectCallback
                0x08002194        0x8 .pio/build/genericSTM32F401CC/USBDevice/src/usbd_conf.c.o
                0x08002194                HAL_PCD_ConnectCallback
 .text.HAL_PCD_DisconnectCallback
                0x0800219c        0x8 .pio/build/genericSTM32F401CC/USBDevice/src/usbd_conf.c.o
                0x0800219c                HAL_PCD_DisconnectCallback
 .text.OTG_FS_IRQHandler
                0x080021a4        0xc .pio/build/genericSTM32F401CC/USBDevice/src/usbd_conf.c.o
                0x080021a4                OTG_FS_IRQHandler
 .text.OTG_FS_WKUP_IRQHandler
                0x080021b0       0x3c .pio/build/genericSTM32F401CC/USBDevice/src/usbd_conf.c.o
                0x080021b0                OTG_FS_WKUP_IRQHandler
 .text.USBD_LL_Init
                0x080021ec       0x64 .pio/build/genericSTM32F401CC/USBDevice/src/usbd_conf.c.o
                0x080021ec                USBD_LL_Init
 .text.USBD_LL_Start
                0x08002250        0xe .pio/build/genericSTM32F401CC/USBDevice/src/usbd_conf.c.o
                0x08002250                USBD_LL_Start
 .text.USBD_LL_OpenEP
                0x0800225e       0x14 .pio/build/genericSTM32F401CC/USBDevice/src/usbd_conf.c.o
                0x0800225e                USBD_LL_OpenEP
 .text.USBD_LL_CloseEP
                0x08002272        0xe .pio/build/genericSTM32F401CC/USBDevice/src/usbd_conf.c.o
                0x08002272                USBD_LL_CloseEP
 .text.USBD_LL_StallEP
                0x08002280        0xe .pio/build/genericSTM32F401CC/USBDevice/src/usbd_conf.c.o
                0x08002280                USBD_LL_StallEP
 .text.USBD_LL_ClearStallEP
                0x0800228e        0xe .pio/build/genericSTM32F401CC/USBDevice/src/usbd_conf.c.o
                0x0800228e                USBD_LL_ClearStallEP
 .text.USBD_LL_IsStallEP
                0x0800229c       0x24 .pio/build/genericSTM32F401CC/USBDevice/src/usbd_conf.c.o
                0x0800229c                USBD_LL_IsStallEP
 .text.USBD_LL_SetUSBAddress
                0x080022c0        0xe .pio/build/genericSTM32F401CC/USBDevice/src/usbd_conf.c.o
                0x080022c0                USBD_LL_SetUSBAddress
 .text.USBD_LL_Transmit
                0x080022ce        0xe .pio/build/genericSTM32F401CC/USBDevice/src/usbd_conf.c.o
                0x080022ce                USBD_LL_Transmit
 .text.USBD_LL_PrepareReceive
                0x080022dc        0xe .pio/build/genericSTM32F401CC/USBDevice/src/usbd_conf.c.o
                0x080022dc                USBD_LL_PrepareReceive
 .text.USBD_LL_GetRxDataSize
                0x080022ea        0x8 .pio/build/genericSTM32F401CC/USBDevice/src/usbd_conf.c.o
                0x080022ea                USBD_LL_GetRxDataSize
 *fill*         0x080022f2        0x2 
 .text.USBD_Class_DeviceDescriptor
                0x080022f4        0xc .pio/build/genericSTM32F401CC/USBDevice/src/usbd_desc.c.o
                0x080022f4                USBD_Class_DeviceDescriptor
 .text.USBD_LangIDStrDescriptor
                0x08002300        0xc .pio/build/genericSTM32F401CC/USBDevice/src/usbd_desc.c.o
                0x08002300                USBD_LangIDStrDescriptor
 .text.USBD_Class_UserStrDescriptor
                0x0800230c        0x8 .pio/build/genericSTM32F401CC/USBDevice/src/usbd_desc.c.o
                0x0800230c                USBD_Class_UserStrDescriptor
 .text.IntToUnicode
                0x08002314       0x2a .pio/build/genericSTM32F401CC/USBDevice/src/usbd_desc.c.o
 *fill*         0x0800233e        0x2 
 .text.USBD_SerialStrDescriptor
                0x08002340       0x3c .pio/build/genericSTM32F401CC/USBDevice/src/usbd_desc.c.o
                0x08002340                USBD_SerialStrDescriptor
 .text.USBD_ManufacturerStrDescriptor
                0x0800237c       0x1c .pio/build/genericSTM32F401CC/USBDevice/src/usbd_desc.c.o
                0x0800237c                USBD_ManufacturerStrDescriptor
 .text.USBD_Class_ProductStrDescriptor
                0x08002398       0x24 .pio/build/genericSTM32F401CC/USBDevice/src/usbd_desc.c.o
                0x08002398                USBD_Class_ProductStrDescriptor
 .text.USBD_Class_ConfigStrDescriptor
                0x080023bc       0x1c .pio/build/genericSTM32F401CC/USBDevice/src/usbd_desc.c.o
                0x080023bc                USBD_Class_ConfigStrDescriptor
 .text.USBD_Class_InterfaceStrDescriptor
                0x080023d8       0x1c .pio/build/genericSTM32F401CC/USBDevice/src/usbd_desc.c.o
                0x080023d8                USBD_Class_InterfaceStrDescriptor
 .text.USBD_reenumerate
                0x080023f4       0x1c .pio/build/genericSTM32F401CC/USBDevice/src/usbd_if.c.o
                0x080023f4                USBD_reenumerate
 .text.USBD_CDC_init
                0x08002410        0x4 .pio/build/genericSTM32F401CC/USBDevice/src/usbd_if.c.o
                0x08002410                USBD_CDC_init
 .text.USBD_SystemClockConfigFromResume
                0x08002414        0xe .pio/build/genericSTM32F401CC/USBDevice/src/usbd_if.c.o
                0x08002414                USBD_SystemClockConfigFromResume
 *fill*         0x08002422        0x2 
 .text.SystemClock_Config
                0x08002424       0xa0 .pio/build/genericSTM32F401CC/FrameworkArduinoVariant/generic_clock.c.o
                0x08002424                SystemClock_Config
 .text.HAL_MspInit
                0x080024c4        0x2 .pio/build/genericSTM32F401CC/SrcWrapper/src/HAL/stm32yyxx_hal.c.o
                0x080024c4                HAL_MspInit
 *fill*         0x080024c6        0x2 
 .text.HAL_InitTick
                0x080024c8       0x48 .pio/build/genericSTM32F401CC/SrcWrapper/src/HAL/stm32yyxx_hal.c.o
                0x080024c8                HAL_InitTick
 .text.HAL_Init
                0x08002510       0x34 .pio/build/genericSTM32F401CC/SrcWrapper/src/HAL/stm32yyxx_hal.c.o
                0x08002510                HAL_Init
 .text.HAL_IncTick
                0x08002544       0x18 .pio/build/genericSTM32F401CC/SrcWrapper/src/HAL/stm32yyxx_hal.c.o
                0x08002544                HAL_IncTick
 .text.HAL_GetTick
                0x0800255c        0xc .pio/build/genericSTM32F401CC/SrcWrapper/src/HAL/stm32yyxx_hal.c.o
                0x0800255c                HAL_GetTick
 .text.HAL_Delay
                0x08002568       0x28 .pio/build/genericSTM32F401CC/SrcWrapper/src/HAL/stm32yyxx_hal.c.o
                0x08002568                HAL_Delay
 .text.HAL_NVIC_SetPriorityGrouping
                0x08002590       0x24 .pio/build/genericSTM32F401CC/SrcWrapper/src/HAL/stm32yyxx_hal_cortex.c.o
                0x08002590                HAL_NVIC_SetPriorityGrouping
 .text.HAL_NVIC_SetPriority
                0x080025b4       0x64 .pio/build/genericSTM32F401CC/SrcWrapper/src/HAL/stm32yyxx_hal_cortex.c.o
                0x080025b4                HAL_NVIC_SetPriority
 .text.HAL_NVIC_EnableIRQ
                0x08002618       0x1c .pio/build/genericSTM32F401CC/SrcWrapper/src/HAL/stm32yyxx_hal_cortex.c.o
                0x08002618                HAL_NVIC_EnableIRQ
 .text.HAL_NVIC_DisableIRQ
                0x08002634       0x24 .pio/build/genericSTM32F401CC/SrcWrapper/src/HAL/stm32yyxx_hal_cortex.c.o
                0x08002634                HAL_NVIC_DisableIRQ
 .text.HAL_SYSTICK_Config
                0x08002658       0x28 .pio/build/genericSTM32F401CC/SrcWrapper/src/HAL/stm32yyxx_hal_cortex.c.o
                0x08002658                HAL_SYSTICK_Config
 .text.HAL_NVIC_ClearPendingIRQ
                0x08002680       0x1c .pio/build/genericSTM32F401CC/SrcWrapper/src/HAL/stm32yyxx_hal_cortex.c.o
                0x08002680                HAL_NVIC_ClearPendingIRQ
 .text.HAL_SYSTICK_Callback
                0x0800269c        0x2 .pio/build/genericSTM32F401CC/SrcWrapper/src/HAL/stm32yyxx_hal_cortex.c.o
                0x0800269c                HAL_SYSTICK_Callback
 .text.HAL_SYSTICK_IRQHandler
                0x0800269e        0x8 .pio/build/genericSTM32F401CC/SrcWrapper/src/HAL/stm32yyxx_hal_cortex.c.o
                0x0800269e                HAL_SYSTICK_IRQHandler
 .text.HAL_CRC_MspInit
                0x080026a6        0x2 .pio/build/genericSTM32F401CC/SrcWrapper/src/HAL/stm32yyxx_hal_crc.c.o
                0x080026a6                HAL_CRC_MspInit
 .text.HAL_CRC_Init
                0x080026a8       0x20 .pio/build/genericSTM32F401CC/SrcWrapper/src/HAL/stm32yyxx_hal_crc.c.o
                0x080026a8                HAL_CRC_Init
 .text.HAL_DMA_Abort
                0x080026c8       0x7c .pio/build/genericSTM32F401CC/SrcWrapper/src/HAL/stm32yyxx_hal_dma.c.o
                0x080026c8                HAL_DMA_Abort
 .text.HAL_DMA_Abort_IT
                0x08002744       0x24 .pio/build/genericSTM32F401CC/SrcWrapper/src/HAL/stm32yyxx_hal_dma.c.o
                0x08002744                HAL_DMA_Abort_IT
 .text.HAL_DMA_GetState
                0x08002768        0x6 .pio/build/genericSTM32F401CC/SrcWrapper/src/HAL/stm32yyxx_hal_dma.c.o
                0x08002768                HAL_DMA_GetState
 *fill*         0x0800276e        0x2 
 .text.HAL_GPIO_EXTI_IRQHandler
                0x08002770       0x18 .pio/build/genericSTM32F401CC/SrcWrapper/src/HAL/stm32yyxx_hal_gpio.c.o
                0x08002770                HAL_GPIO_EXTI_IRQHandler
 .text.I2C_WaitOnFlagUntilTimeout
                0x08002788       0x80 .pio/build/genericSTM32F401CC/SrcWrapper/src/HAL/stm32yyxx_hal_i2c.c.o
 .text.HAL_I2C_MspInit
                0x08002808        0x2 .pio/build/genericSTM32F401CC/SrcWrapper/src/HAL/stm32yyxx_hal_i2c.c.o
                0x08002808                HAL_I2C_MspInit
 *fill*         0x0800280a        0x2 
 .text.HAL_I2C_Init
                0x0800280c      0x14c .pio/build/genericSTM32F401CC/SrcWrapper/src/HAL/stm32yyxx_hal_i2c.c.o
                0x0800280c                HAL_I2C_Init
 .text.HAL_I2C_MspDeInit
                0x08002958        0x2 .pio/build/genericSTM32F401CC/SrcWrapper/src/HAL/stm32yyxx_hal_i2c.c.o
                0x08002958                HAL_I2C_MspDeInit
 .text.HAL_I2C_DeInit
                0x0800295a       0x32 .pio/build/genericSTM32F401CC/SrcWrapper/src/HAL/stm32yyxx_hal_i2c.c.o
                0x0800295a                HAL_I2C_DeInit
 .text.HAL_I2C_IsDeviceReady
                0x0800298c      0x160 .pio/build/genericSTM32F401CC/SrcWrapper/src/HAL/stm32yyxx_hal_i2c.c.o
                0x0800298c                HAL_I2C_IsDeviceReady
 .text.HAL_I2C_Master_Seq_Transmit_IT
                0x08002aec       0xd0 .pio/build/genericSTM32F401CC/SrcWrapper/src/HAL/stm32yyxx_hal_i2c.c.o
                0x08002aec                HAL_I2C_Master_Seq_Transmit_IT
 .text.HAL_I2C_Master_Seq_Receive_IT
                0x08002bbc      0x10c .pio/build/genericSTM32F401CC/SrcWrapper/src/HAL/stm32yyxx_hal_i2c.c.o
                0x08002bbc                HAL_I2C_Master_Seq_Receive_IT
 .text.HAL_I2C_Slave_Seq_Transmit_IT
                0x08002cc8       0x76 .pio/build/genericSTM32F401CC/SrcWrapper/src/HAL/stm32yyxx_hal_i2c.c.o
                0x08002cc8                HAL_I2C_Slave_Seq_Transmit_IT
 .text.HAL_I2C_Slave_Seq_Receive_IT
                0x08002d3e       0x76 .pio/build/genericSTM32F401CC/SrcWrapper/src/HAL/stm32yyxx_hal_i2c.c.o
                0x08002d3e                HAL_I2C_Slave_Seq_Receive_IT
 .text.HAL_I2C_EnableListen_IT
                0x08002db4       0x36 .pio/build/genericSTM32F401CC/SrcWrapper/src/HAL/stm32yyxx_hal_i2c.c.o
                0x08002db4                HAL_I2C_EnableListen_IT
 .text.HAL_I2C_MasterTxCpltCallback
                0x08002dea        0x2 .pio/build/genericSTM32F401CC/SrcWrapper/src/HAL/stm32yyxx_hal_i2c.c.o
                0x08002dea                HAL_I2C_MasterTxCpltCallback
 .text.HAL_I2C_MasterRxCpltCallback
                0x08002dec        0x2 .pio/build/genericSTM32F401CC/SrcWrapper/src/HAL/stm32yyxx_hal_i2c.c.o
                0x08002dec                HAL_I2C_MasterRxCpltCallback
 .text.HAL_I2C_MemTxCpltCallback
                0x08002dee        0x2 .pio/build/genericSTM32F401CC/SrcWrapper/src/HAL/stm32yyxx_hal_i2c.c.o
                0x08002dee                HAL_I2C_MemTxCpltCallback
 .text.I2C_MemoryTransmit_TXE_BTF
                0x08002df0       0xb6 .pio/build/genericSTM32F401CC/SrcWrapper/src/HAL/stm32yyxx_hal_i2c.c.o
 .text.HAL_I2C_MemRxCpltCallback
                0x08002ea6        0x2 .pio/build/genericSTM32F401CC/SrcWrapper/src/HAL/stm32yyxx_hal_i2c.c.o
                0x08002ea6                HAL_I2C_MemRxCpltCallback
 .text.HAL_I2C_AbortCpltCallback
                0x08002ea8        0x2 .pio/build/genericSTM32F401CC/SrcWrapper/src/HAL/stm32yyxx_hal_i2c.c.o
                0x08002ea8                HAL_I2C_AbortCpltCallback
 *fill*         0x08002eaa        0x2 
 .text.I2C_DMAAbort
                0x08002eac       0xe4 .pio/build/genericSTM32F401CC/SrcWrapper/src/HAL/stm32yyxx_hal_i2c.c.o
 .text.I2C_ITError
                0x08002f90      0x15c .pio/build/genericSTM32F401CC/SrcWrapper/src/HAL/stm32yyxx_hal_i2c.c.o
 .text.HAL_I2C_EV_IRQHandler
                0x080030ec      0x8c8 .pio/build/genericSTM32F401CC/SrcWrapper/src/HAL/stm32yyxx_hal_i2c.c.o
                0x080030ec                HAL_I2C_EV_IRQHandler
 .text.HAL_I2C_ER_IRQHandler
                0x080039b4      0x158 .pio/build/genericSTM32F401CC/SrcWrapper/src/HAL/stm32yyxx_hal_i2c.c.o
                0x080039b4                HAL_I2C_ER_IRQHandler
 .text.HAL_I2C_GetState
                0x08003b0c        0x6 .pio/build/genericSTM32F401CC/SrcWrapper/src/HAL/stm32yyxx_hal_i2c.c.o
                0x08003b0c                HAL_I2C_GetState
 .text.HAL_I2C_GetError
                0x08003b12        0x4 .pio/build/genericSTM32F401CC/SrcWrapper/src/HAL/stm32yyxx_hal_i2c.c.o
                0x08003b12                HAL_I2C_GetError
 .text.HAL_PCD_Init
                0x08003b16       0xde .pio/build/genericSTM32F401CC/SrcWrapper/src/HAL/stm32yyxx_hal_pcd.c.o
                0x08003b16                HAL_PCD_Init
 .text.HAL_PCD_Start
                0x08003bf4       0x3e .pio/build/genericSTM32F401CC/SrcWrapper/src/HAL/stm32yyxx_hal_pcd.c.o
                0x08003bf4                HAL_PCD_Start
 .text.HAL_PCD_SetAddress
                0x08003c32       0x26 .pio/build/genericSTM32F401CC/SrcWrapper/src/HAL/stm32yyxx_hal_pcd.c.o
                0x08003c32                HAL_PCD_SetAddress
 .text.HAL_PCD_EP_Open
                0x08003c58       0x72 .pio/build/genericSTM32F401CC/SrcWrapper/src/HAL/stm32yyxx_hal_pcd.c.o
                0x08003c58                HAL_PCD_EP_Open
 .text.HAL_PCD_EP_Close
                0x08003cca       0x5c .pio/build/genericSTM32F401CC/SrcWrapper/src/HAL/stm32yyxx_hal_pcd.c.o
                0x08003cca                HAL_PCD_EP_Close
 .text.HAL_PCD_EP_Receive
                0x08003d26       0x3c .pio/build/genericSTM32F401CC/SrcWrapper/src/HAL/stm32yyxx_hal_pcd.c.o
                0x08003d26                HAL_PCD_EP_Receive
 .text.HAL_PCD_EP_GetRxCount
                0x08003d62       0x10 .pio/build/genericSTM32F401CC/SrcWrapper/src/HAL/stm32yyxx_hal_pcd.c.o
                0x08003d62                HAL_PCD_EP_GetRxCount
 .text.HAL_PCD_EP_Transmit
                0x08003d72       0x36 .pio/build/genericSTM32F401CC/SrcWrapper/src/HAL/stm32yyxx_hal_pcd.c.o
                0x08003d72                HAL_PCD_EP_Transmit
 .text.HAL_PCD_EP_SetStall
                0x08003da8       0x6e .pio/build/genericSTM32F401CC/SrcWrapper/src/HAL/stm32yyxx_hal_pcd.c.o
                0x08003da8                HAL_PCD_EP_SetStall
 .text.HAL_PCD_EP_ClrStall
                0x08003e16       0x6a .pio/build/genericSTM32F401CC/SrcWrapper/src/HAL/stm32yyxx_hal_pcd.c.o
                0x08003e16                HAL_PCD_EP_ClrStall
 .text.HAL_PCD_EP_Abort
                0x08003e80       0x20 .pio/build/genericSTM32F401CC/SrcWrapper/src/HAL/stm32yyxx_hal_pcd.c.o
                0x08003e80                HAL_PCD_EP_Abort
 .text.HAL_PCD_IRQHandler
                0x08003ea0      0x68c .pio/build/genericSTM32F401CC/SrcWrapper/src/HAL/stm32yyxx_hal_pcd.c.o
                0x08003ea0                HAL_PCD_IRQHandler
 .text.HAL_PCDEx_SetTxFiFo
                0x0800452c       0x3e .pio/build/genericSTM32F401CC/SrcWrapper/src/HAL/stm32yyxx_hal_pcd_ex.c.o
                0x0800452c                HAL_PCDEx_SetTxFiFo
 .text.HAL_PCDEx_SetRxFiFo
                0x0800456a        0x8 .pio/build/genericSTM32F401CC/SrcWrapper/src/HAL/stm32yyxx_hal_pcd_ex.c.o
                0x0800456a                HAL_PCDEx_SetRxFiFo
 .text.HAL_PCDEx_LPM_Callback
                0x08004572        0x2 .pio/build/genericSTM32F401CC/SrcWrapper/src/HAL/stm32yyxx_hal_pcd_ex.c.o
                0x08004572                HAL_PCDEx_LPM_Callback
 .text.HAL_RCC_OscConfig
                0x08004574      0x35c .pio/build/genericSTM32F401CC/SrcWrapper/src/HAL/stm32yyxx_hal_rcc.c.o
                0x08004574                HAL_RCC_OscConfig
 .text.HAL_RCC_GetSysClockFreq
                0x080048d0       0x5c .pio/build/genericSTM32F401CC/SrcWrapper/src/HAL/stm32yyxx_hal_rcc.c.o
                0x080048d0                HAL_RCC_GetSysClockFreq
 .text.HAL_RCC_ClockConfig
                0x0800492c      0x134 .pio/build/genericSTM32F401CC/SrcWrapper/src/HAL/stm32yyxx_hal_rcc.c.o
                0x0800492c                HAL_RCC_ClockConfig
 .text.HAL_RCC_GetHCLKFreq
                0x08004a60        0xc .pio/build/genericSTM32F401CC/SrcWrapper/src/HAL/stm32yyxx_hal_rcc.c.o
                0x08004a60                HAL_RCC_GetHCLKFreq
 .text.HAL_RCC_GetPCLK1Freq
                0x08004a6c       0x20 .pio/build/genericSTM32F401CC/SrcWrapper/src/HAL/stm32yyxx_hal_rcc.c.o
                0x08004a6c                HAL_RCC_GetPCLK1Freq
 .text.HAL_RCC_GetPCLK2Freq
                0x08004a8c       0x20 .pio/build/genericSTM32F401CC/SrcWrapper/src/HAL/stm32yyxx_hal_rcc.c.o
                0x08004a8c                HAL_RCC_GetPCLK2Freq
 .text.HAL_RCC_GetClockConfig
                0x08004aac       0x3c .pio/build/genericSTM32F401CC/SrcWrapper/src/HAL/stm32yyxx_hal_rcc.c.o
                0x08004aac                HAL_RCC_GetClockConfig
 .text.HAL_RCCEx_GetPeriphCLKConfig
                0x08004ae8       0x3c .pio/build/genericSTM32F401CC/SrcWrapper/src/HAL/stm32yyxx_hal_rcc_ex.c.o
                0x08004ae8                HAL_RCCEx_GetPeriphCLKConfig
 .text.HAL_TIM_Base_Start
                0x08004b24       0x5c .pio/build/genericSTM32F401CC/SrcWrapper/src/HAL/stm32yyxx_hal_tim.c.o
                0x08004b24                HAL_TIM_Base_Start
 .text.HAL_TIM_GenerateEvent
                0x08004b80       0x24 .pio/build/genericSTM32F401CC/SrcWrapper/src/HAL/stm32yyxx_hal_tim.c.o
                0x08004b80                HAL_TIM_GenerateEvent
 .text.HAL_TIM_PWM_PulseFinishedCallback
                0x08004ba4        0x2 .pio/build/genericSTM32F401CC/SrcWrapper/src/HAL/stm32yyxx_hal_tim.c.o
                0x08004ba4                HAL_TIM_PWM_PulseFinishedCallback
 .text.HAL_TIM_TriggerCallback
                0x08004ba6        0x2 .pio/build/genericSTM32F401CC/SrcWrapper/src/HAL/stm32yyxx_hal_tim.c.o
                0x08004ba6                HAL_TIM_TriggerCallback
 .text.HAL_TIM_IRQHandler
                0x08004ba8      0x128 .pio/build/genericSTM32F401CC/SrcWrapper/src/HAL/stm32yyxx_hal_tim.c.o
                0x08004ba8                HAL_TIM_IRQHandler
 .text.TIM_Base_SetConfig
                0x08004cd0       0x80 .pio/build/genericSTM32F401CC/SrcWrapper/src/HAL/stm32yyxx_hal_tim.c.o
                0x08004cd0                TIM_Base_SetConfig
 .text.HAL_TIM_Base_Init
                0x08004d50       0x58 .pio/build/genericSTM32F401CC/SrcWrapper/src/HAL/stm32yyxx_hal_tim.c.o
                0x08004d50                HAL_TIM_Base_Init
 .text.TIM_CCxChannelCmd
                0x08004da8       0x1c .pio/build/genericSTM32F401CC/SrcWrapper/src/HAL/stm32yyxx_hal_tim.c.o
                0x08004da8                TIM_CCxChannelCmd
 .text.HAL_TIM_OC_Start
                0x08004dc4       0xa8 .pio/build/genericSTM32F401CC/SrcWrapper/src/HAL/stm32yyxx_hal_tim.c.o
                0x08004dc4                HAL_TIM_OC_Start
 .text.HAL_TIM_PWM_Start
                0x08004e6c        0x4 .pio/build/genericSTM32F401CC/SrcWrapper/src/HAL/stm32yyxx_hal_tim.c.o
                0x08004e6c                HAL_TIM_PWM_Start
 .text.HAL_TIM_IC_Start
                0x08004e70       0xe0 .pio/build/genericSTM32F401CC/SrcWrapper/src/HAL/stm32yyxx_hal_tim.c.o
                0x08004e70                HAL_TIM_IC_Start
 .text.TIM_CCxNChannelCmd
                0x08004f50       0x1c .pio/build/genericSTM32F401CC/SrcWrapper/src/HAL/stm32yyxx_hal_tim_ex.c.o
 .text.HAL_TIMEx_OCN_Start
                0x08004f6c       0xa4 .pio/build/genericSTM32F401CC/SrcWrapper/src/HAL/stm32yyxx_hal_tim_ex.c.o
                0x08004f6c                HAL_TIMEx_OCN_Start
 .text.HAL_TIMEx_PWMN_Start
                0x08005010        0x4 .pio/build/genericSTM32F401CC/SrcWrapper/src/HAL/stm32yyxx_hal_tim_ex.c.o
                0x08005010                HAL_TIMEx_PWMN_Start
 .text.HAL_TIMEx_CommutCallback
                0x08005014        0x2 .pio/build/genericSTM32F401CC/SrcWrapper/src/HAL/stm32yyxx_hal_tim_ex.c.o
                0x08005014                HAL_TIMEx_CommutCallback
 .text.HAL_TIMEx_BreakCallback
                0x08005016        0x2 .pio/build/genericSTM32F401CC/SrcWrapper/src/HAL/stm32yyxx_hal_tim_ex.c.o
                0x08005016                HAL_TIMEx_BreakCallback
 .text.UART_EndRxTransfer
                0x08005018       0x5c .pio/build/genericSTM32F401CC/SrcWrapper/src/HAL/stm32yyxx_hal_uart.c.o
 .text.HAL_UART_Transmit_IT
                0x08005074       0x32 .pio/build/genericSTM32F401CC/SrcWrapper/src/HAL/stm32yyxx_hal_uart.c.o
                0x08005074                HAL_UART_Transmit_IT
 .text.UART_DMAAbortOnError
                0x080050a6        0xe .pio/build/genericSTM32F401CC/SrcWrapper/src/HAL/stm32yyxx_hal_uart.c.o
 .text.HAL_UARTEx_RxEventCallback
                0x080050b4        0x2 .pio/build/genericSTM32F401CC/SrcWrapper/src/HAL/stm32yyxx_hal_uart.c.o
                0x080050b4                HAL_UARTEx_RxEventCallback
 .text.UART_Receive_IT.isra.0
                0x080050b6       0xb6 .pio/build/genericSTM32F401CC/SrcWrapper/src/HAL/stm32yyxx_hal_uart.c.o
 .text.HAL_UART_IRQHandler
                0x0800516c      0x2e8 .pio/build/genericSTM32F401CC/SrcWrapper/src/HAL/stm32yyxx_hal_uart.c.o
                0x0800516c                HAL_UART_IRQHandler
 .text.HAL_HalfDuplex_EnableTransmitter
                0x08005454       0x30 .pio/build/genericSTM32F401CC/SrcWrapper/src/HAL/stm32yyxx_hal_uart.c.o
                0x08005454                HAL_HalfDuplex_EnableTransmitter
 .text.HAL_HalfDuplex_EnableReceiver
                0x08005484       0x30 .pio/build/genericSTM32F401CC/SrcWrapper/src/HAL/stm32yyxx_hal_uart.c.o
                0x08005484                HAL_HalfDuplex_EnableReceiver
 .text.HAL_UART_GetState
                0x080054b4        0xc .pio/build/genericSTM32F401CC/SrcWrapper/src/HAL/stm32yyxx_hal_uart.c.o
                0x080054b4                HAL_UART_GetState
 .text.UART_Start_Receive_IT
                0x080054c0       0x32 .pio/build/genericSTM32F401CC/SrcWrapper/src/HAL/stm32yyxx_hal_uart.c.o
                0x080054c0                UART_Start_Receive_IT
 .text.HAL_UART_Receive_IT
                0x080054f2       0x22 .pio/build/genericSTM32F401CC/SrcWrapper/src/HAL/stm32yyxx_hal_uart.c.o
                0x080054f2                HAL_UART_Receive_IT
 .text._ZNSt8functionIFvvEEaSEDn.isra.0
                0x08005514       0x16 .pio/build/genericSTM32F401CC/SrcWrapper/src/HardwareTimer.cpp.o
 .text._ZNSt14_Function_baseD2Ev
                0x0800552a       0x12 .pio/build/genericSTM32F401CC/SrcWrapper/src/HardwareTimer.cpp.o
                0x0800552a                std::_Function_base::~_Function_base()
                0x0800552a                std::_Function_base::~_Function_base()
 .text._ZN13HardwareTimer10getChannelEm
                0x0800553c        0xe .pio/build/genericSTM32F401CC/SrcWrapper/src/HardwareTimer.cpp.o
                0x0800553c                HardwareTimer::getChannel(unsigned long)
 *fill*         0x0800554a        0x2 
 .text._ZN13HardwareTimer12getLLChannelEm
                0x0800554c       0x44 .pio/build/genericSTM32F401CC/SrcWrapper/src/HardwareTimer.cpp.o
                0x0800554c                HardwareTimer::getLLChannel(unsigned long)
 .text._ZN13HardwareTimer5getITEm
                0x08005590       0x14 .pio/build/genericSTM32F401CC/SrcWrapper/src/HardwareTimer.cpp.o
                0x08005590                HardwareTimer::getIT(unsigned long)
 .text._ZN13HardwareTimer20getAssociatedChannelEm
                0x080055a4       0x14 .pio/build/genericSTM32F401CC/SrcWrapper/src/HardwareTimer.cpp.o
                0x080055a4                HardwareTimer::getAssociatedChannel(unsigned long)
 .text._ZN13HardwareTimer13resumeChannelEm
                0x080055b8       0xf6 .pio/build/genericSTM32F401CC/SrcWrapper/src/HardwareTimer.cpp.o
                0x080055b8                HardwareTimer::resumeChannel(unsigned long)
 .text._ZN13HardwareTimer6resumeEv
                0x080056ae       0x4c .pio/build/genericSTM32F401CC/SrcWrapper/src/HardwareTimer.cpp.o
                0x080056ae                HardwareTimer::resume()
 .text._ZN13HardwareTimer16setPreloadEnableEb
                0x080056fa       0x14 .pio/build/genericSTM32F401CC/SrcWrapper/src/HardwareTimer.cpp.o
                0x080056fa                HardwareTimer::setPreloadEnable(bool)
 .text._ZN13HardwareTimer7refreshEv
                0x0800570e        0x8 .pio/build/genericSTM32F401CC/SrcWrapper/src/HardwareTimer.cpp.o
                0x0800570e                HardwareTimer::refresh()
 .text._ZN13HardwareTimer9isRunningEv
                0x08005716        0xa .pio/build/genericSTM32F401CC/SrcWrapper/src/HardwareTimer.cpp.o
                0x08005716                HardwareTimer::isRunning()
 .text._ZN13HardwareTimer27updateRegistersIfNotRunningEP11TIM_TypeDef
                0x08005720       0x3a .pio/build/genericSTM32F401CC/SrcWrapper/src/HardwareTimer.cpp.o
                0x08005720                HardwareTimer::updateRegistersIfNotRunning(TIM_TypeDef*)
 .text._ZN13HardwareTimer17setPrescaleFactorEm
                0x0800575a        0xc .pio/build/genericSTM32F401CC/SrcWrapper/src/HardwareTimer.cpp.o
                0x0800575a                HardwareTimer::setPrescaleFactor(unsigned long)
 *fill*         0x08005766        0x2 
 .text._Z15get_timer_indexP11TIM_TypeDef
                0x08005768       0x64 .pio/build/genericSTM32F401CC/SrcWrapper/src/HardwareTimer.cpp.o
                0x08005768                get_timer_index(TIM_TypeDef*)
 .text._ZN13HardwareTimerD2Ev
                0x080057cc       0x40 .pio/build/genericSTM32F401CC/SrcWrapper/src/HardwareTimer.cpp.o
                0x080057cc                HardwareTimer::~HardwareTimer()
                0x080057cc                HardwareTimer::~HardwareTimer()
 .text._ZN13HardwareTimer5setupEP11TIM_TypeDef
                0x0800580c       0x84 .pio/build/genericSTM32F401CC/SrcWrapper/src/HardwareTimer.cpp.o
                0x0800580c                HardwareTimer::setup(TIM_TypeDef*)
 .text._ZN13HardwareTimer15getTimerClkFreqEv
                0x08005890       0x8a .pio/build/genericSTM32F401CC/SrcWrapper/src/HardwareTimer.cpp.o
                0x08005890                HardwareTimer::getTimerClkFreq()
 *fill*         0x0800591a        0x2 
 .text._ZN13HardwareTimer11setOverflowEm13TimerFormat_t
                0x0800591c       0x4c .pio/build/genericSTM32F401CC/SrcWrapper/src/HardwareTimer.cpp.o
                0x0800591c                HardwareTimer::setOverflow(unsigned long, TimerFormat_t)
 .text.TIM1_UP_TIM10_IRQHandler
                0x08005968       0x24 .pio/build/genericSTM32F401CC/SrcWrapper/src/HardwareTimer.cpp.o
                0x08005968                TIM1_UP_TIM10_IRQHandler
 .text.TIM1_CC_IRQHandler
                0x0800598c       0x14 .pio/build/genericSTM32F401CC/SrcWrapper/src/HardwareTimer.cpp.o
                0x0800598c                TIM1_CC_IRQHandler
 .text.TIM2_IRQHandler
                0x080059a0       0x14 .pio/build/genericSTM32F401CC/SrcWrapper/src/HardwareTimer.cpp.o
                0x080059a0                TIM2_IRQHandler
 .text.TIM3_IRQHandler
                0x080059b4       0x14 .pio/build/genericSTM32F401CC/SrcWrapper/src/HardwareTimer.cpp.o
                0x080059b4                TIM3_IRQHandler
 .text.TIM4_IRQHandler
                0x080059c8       0x14 .pio/build/genericSTM32F401CC/SrcWrapper/src/HardwareTimer.cpp.o
                0x080059c8                TIM4_IRQHandler
 .text.TIM5_IRQHandler
                0x080059dc       0x14 .pio/build/genericSTM32F401CC/SrcWrapper/src/HardwareTimer.cpp.o
                0x080059dc                TIM5_IRQHandler
 .text.TIM1_BRK_TIM9_IRQHandler
                0x080059f0       0x14 .pio/build/genericSTM32F401CC/SrcWrapper/src/HardwareTimer.cpp.o
                0x080059f0                TIM1_BRK_TIM9_IRQHandler
 .text.TIM1_TRG_COM_TIM11_IRQHandler
                0x08005a04       0x14 .pio/build/genericSTM32F401CC/SrcWrapper/src/HardwareTimer.cpp.o
                0x08005a04                TIM1_TRG_COM_TIM11_IRQHandler
 .text._ZNSt8functionIFvvEEC2Ev
                0x08005a18        0xc .pio/build/genericSTM32F401CC/SrcWrapper/src/HardwareTimer.cpp.o
                0x08005a18                std::function<void ()>::function()
                0x08005a18                std::function<void ()>::function()
 .text._ZN13HardwareTimerC2EP11TIM_TypeDef
                0x08005a24       0x2a .pio/build/genericSTM32F401CC/SrcWrapper/src/HardwareTimer.cpp.o
                0x08005a24                HardwareTimer::HardwareTimer(TIM_TypeDef*)
                0x08005a24                HardwareTimer::HardwareTimer(TIM_TypeDef*)
 .text._ZNSt8functionIFvvEEC2ERKS1_
                0x08005a4e       0x24 .pio/build/genericSTM32F401CC/SrcWrapper/src/HardwareTimer.cpp.o
                0x08005a4e                std::function<void ()>::function(std::function<void ()> const&)
                0x08005a4e                std::function<void ()>::function(std::function<void ()> const&)
 .text._ZNSt8functionIFvvEEaSERKS1_.isra.0
                0x08005a72       0x42 .pio/build/genericSTM32F401CC/SrcWrapper/src/HardwareTimer.cpp.o
 .text._ZN13HardwareTimer15attachInterruptESt8functionIFvvEE
                0x08005ab4       0x2e .pio/build/genericSTM32F401CC/SrcWrapper/src/HardwareTimer.cpp.o
                0x08005ab4                HardwareTimer::attachInterrupt(std::function<void ()>)
 .text._ZNKSt8functionIFvvEEclEv
                0x08005ae2       0x12 .pio/build/genericSTM32F401CC/SrcWrapper/src/HardwareTimer.cpp.o
                0x08005ae2                std::function<void ()>::operator()() const
 .text._ZN13HardwareTimer14updateCallbackEP17TIM_HandleTypeDef
                0x08005af4       0x18 .pio/build/genericSTM32F401CC/SrcWrapper/src/HardwareTimer.cpp.o
                0x08005af4                HardwareTimer::updateCallback(TIM_HandleTypeDef*)
 .text.HAL_TIM_PeriodElapsedCallback
                0x08005b0c        0x4 .pio/build/genericSTM32F401CC/SrcWrapper/src/HardwareTimer.cpp.o
                0x08005b0c                HAL_TIM_PeriodElapsedCallback
 .text._ZN13HardwareTimer22captureCompareCallbackEP17TIM_HandleTypeDef
                0x08005b10       0x3e .pio/build/genericSTM32F401CC/SrcWrapper/src/HardwareTimer.cpp.o
                0x08005b10                HardwareTimer::captureCompareCallback(TIM_HandleTypeDef*)
 .text.HAL_TIM_OC_DelayElapsedCallback
                0x08005b4e        0x4 .pio/build/genericSTM32F401CC/SrcWrapper/src/HardwareTimer.cpp.o
                0x08005b4e                HAL_TIM_OC_DelayElapsedCallback
 .text.HAL_TIM_IC_CaptureCallback
                0x08005b52        0x4 .pio/build/genericSTM32F401CC/SrcWrapper/src/HardwareTimer.cpp.o
                0x08005b52                HAL_TIM_IC_CaptureCallback
 .text.USB_CoreReset
                0x08005b56       0x50 .pio/build/genericSTM32F401CC/SrcWrapper/src/LL/stm32yyxx_ll_usb.c.o
 .text.USB_CoreInit
                0x08005ba6       0x88 .pio/build/genericSTM32F401CC/SrcWrapper/src/LL/stm32yyxx_ll_usb.c.o
                0x08005ba6                USB_CoreInit
 *fill*         0x08005c2e        0x2 
 .text.USB_SetTurnaroundTime
                0x08005c30       0xe0 .pio/build/genericSTM32F401CC/SrcWrapper/src/LL/stm32yyxx_ll_usb.c.o
                0x08005c30                USB_SetTurnaroundTime
 .text.USB_EnableGlobalInt
                0x08005d10        0xc .pio/build/genericSTM32F401CC/SrcWrapper/src/LL/stm32yyxx_ll_usb.c.o
                0x08005d10                USB_EnableGlobalInt
 .text.USB_DisableGlobalInt
                0x08005d1c        0xc .pio/build/genericSTM32F401CC/SrcWrapper/src/LL/stm32yyxx_ll_usb.c.o
                0x08005d1c                USB_DisableGlobalInt
 .text.USB_SetCurrentMode
                0x08005d28       0x60 .pio/build/genericSTM32F401CC/SrcWrapper/src/LL/stm32yyxx_ll_usb.c.o
                0x08005d28                USB_SetCurrentMode
 .text.USB_FlushTxFifo
                0x08005d88       0x46 .pio/build/genericSTM32F401CC/SrcWrapper/src/LL/stm32yyxx_ll_usb.c.o
                0x08005d88                USB_FlushTxFifo
 .text.USB_FlushRxFifo
                0x08005dce       0x42 .pio/build/genericSTM32F401CC/SrcWrapper/src/LL/stm32yyxx_ll_usb.c.o
                0x08005dce                USB_FlushRxFifo
 .text.USB_SetDevSpeed
                0x08005e10        0xe .pio/build/genericSTM32F401CC/SrcWrapper/src/LL/stm32yyxx_ll_usb.c.o
                0x08005e10                USB_SetDevSpeed
 *fill*         0x08005e1e        0x2 
 .text.USB_DevInit
                0x08005e20      0x188 .pio/build/genericSTM32F401CC/SrcWrapper/src/LL/stm32yyxx_ll_usb.c.o
                0x08005e20                USB_DevInit
 .text.USB_GetDevSpeed
                0x08005fa8       0x16 .pio/build/genericSTM32F401CC/SrcWrapper/src/LL/stm32yyxx_ll_usb.c.o
                0x08005fa8                USB_GetDevSpeed
 .text.USB_ActivateEndpoint
                0x08005fbe       0x7e .pio/build/genericSTM32F401CC/SrcWrapper/src/LL/stm32yyxx_ll_usb.c.o
                0x08005fbe                USB_ActivateEndpoint
 .text.USB_DeactivateEndpoint
                0x0800603c       0xac .pio/build/genericSTM32F401CC/SrcWrapper/src/LL/stm32yyxx_ll_usb.c.o
                0x0800603c                USB_DeactivateEndpoint
 .text.USB_EPStopXfer
                0x080060e8       0x84 .pio/build/genericSTM32F401CC/SrcWrapper/src/LL/stm32yyxx_ll_usb.c.o
                0x080060e8                USB_EPStopXfer
 .text.USB_WritePacket
                0x0800616c       0x26 .pio/build/genericSTM32F401CC/SrcWrapper/src/LL/stm32yyxx_ll_usb.c.o
                0x0800616c                USB_WritePacket
 *fill*         0x08006192        0x2 
 .text.USB_EPStartXfer
                0x08006194      0x204 .pio/build/genericSTM32F401CC/SrcWrapper/src/LL/stm32yyxx_ll_usb.c.o
                0x08006194                USB_EPStartXfer
 .text.USB_ReadPacket
                0x08006398       0x40 .pio/build/genericSTM32F401CC/SrcWrapper/src/LL/stm32yyxx_ll_usb.c.o
                0x08006398                USB_ReadPacket
 .text.USB_EPSetStall
                0x080063d8       0x56 .pio/build/genericSTM32F401CC/SrcWrapper/src/LL/stm32yyxx_ll_usb.c.o
                0x080063d8                USB_EPSetStall
 .text.USB_EPClearStall
                0x0800642e       0x52 .pio/build/genericSTM32F401CC/SrcWrapper/src/LL/stm32yyxx_ll_usb.c.o
                0x0800642e                USB_EPClearStall
 .text.USB_SetDevAddress
                0x08006480       0x20 .pio/build/genericSTM32F401CC/SrcWrapper/src/LL/stm32yyxx_ll_usb.c.o
                0x08006480                USB_SetDevAddress
 .text.USB_DevConnect
                0x080064a0       0x1c .pio/build/genericSTM32F401CC/SrcWrapper/src/LL/stm32yyxx_ll_usb.c.o
                0x080064a0                USB_DevConnect
 .text.USB_DevDisconnect
                0x080064bc       0x1c .pio/build/genericSTM32F401CC/SrcWrapper/src/LL/stm32yyxx_ll_usb.c.o
                0x080064bc                USB_DevDisconnect
 .text.USB_ReadInterrupts
                0x080064d8        0x8 .pio/build/genericSTM32F401CC/SrcWrapper/src/LL/stm32yyxx_ll_usb.c.o
                0x080064d8                USB_ReadInterrupts
 .text.USB_ReadDevAllOutEpInterrupt
                0x080064e0       0x10 .pio/build/genericSTM32F401CC/SrcWrapper/src/LL/stm32yyxx_ll_usb.c.o
                0x080064e0                USB_ReadDevAllOutEpInterrupt
 .text.USB_ReadDevAllInEpInterrupt
                0x080064f0       0x10 .pio/build/genericSTM32F401CC/SrcWrapper/src/LL/stm32yyxx_ll_usb.c.o
                0x080064f0                USB_ReadDevAllInEpInterrupt
 .text.USB_ReadDevOutEPInterrupt
                0x08006500       0x12 .pio/build/genericSTM32F401CC/SrcWrapper/src/LL/stm32yyxx_ll_usb.c.o
                0x08006500                USB_ReadDevOutEPInterrupt
 .text.USB_ReadDevInEPInterrupt
                0x08006512       0x22 .pio/build/genericSTM32F401CC/SrcWrapper/src/LL/stm32yyxx_ll_usb.c.o
                0x08006512                USB_ReadDevInEPInterrupt
 .text.USB_GetMode
                0x08006534        0x8 .pio/build/genericSTM32F401CC/SrcWrapper/src/LL/stm32yyxx_ll_usb.c.o
                0x08006534                USB_GetMode
 .text.USB_ActivateSetup
                0x0800653c       0x20 .pio/build/genericSTM32F401CC/SrcWrapper/src/LL/stm32yyxx_ll_usb.c.o
                0x0800653c                USB_ActivateSetup
 .text.USB_EP0_OutStart
                0x0800655c       0x4c .pio/build/genericSTM32F401CC/SrcWrapper/src/LL/stm32yyxx_ll_usb.c.o
                0x0800655c                USB_EP0_OutStart
 .text._Znwj    0x080065a8        0x4 .pio/build/genericSTM32F401CC/SrcWrapper/src/new.cpp.o
                0x080065a8                operator new(unsigned int)
 .text._ZdlPvj  0x080065ac        0x4 .pio/build/genericSTM32F401CC/SrcWrapper/src/new.cpp.o
                0x080065ac                operator delete(void*, unsigned int)
 .text.set_GPIO_Port_Clock
                0x080065b0       0xd0 .pio/build/genericSTM32F401CC/SrcWrapper/src/stm32/PortNames.c.o
                0x080065b0                set_GPIO_Port_Clock
 .text.pwm_stop
                0x08006680       0x5c .pio/build/genericSTM32F401CC/SrcWrapper/src/stm32/analog.cpp.o
                0x08006680                pwm_stop
 .text.getCurrentMicros
                0x080066dc       0x48 .pio/build/genericSTM32F401CC/SrcWrapper/src/stm32/clock.c.o
                0x080066dc                getCurrentMicros
 .text.getCurrentMillis
                0x08006724        0x4 .pio/build/genericSTM32F401CC/SrcWrapper/src/stm32/clock.c.o
                0x08006724                getCurrentMillis
 .text.noOsSystickHandler
                0x08006728        0x2 .pio/build/genericSTM32F401CC/SrcWrapper/src/stm32/clock.c.o
                0x08006728                noOsSystickHandler
                0x08006728                osSystickHandler
 .text.SysTick_Handler
                0x0800672a       0x10 .pio/build/genericSTM32F401CC/SrcWrapper/src/stm32/clock.c.o
                0x0800672a                SysTick_Handler
 .text.configHSECapacitorTuning
                0x0800673a        0x2 .pio/build/genericSTM32F401CC/SrcWrapper/src/stm32/clock.c.o
                0x0800673a                configHSECapacitorTuning
 .text.configIPClock
                0x0800673c       0x4c .pio/build/genericSTM32F401CC/SrcWrapper/src/stm32/clock.c.o
                0x0800673c                configIPClock
 .text.dwt_init
                0x08006788       0x3c .pio/build/genericSTM32F401CC/SrcWrapper/src/stm32/dwt.c.o
                0x08006788                dwt_init
 .text.hw_config_init
                0x080067c4       0x28 .pio/build/genericSTM32F401CC/SrcWrapper/src/stm32/hw_config.c.o
                0x080067c4                hw_config_init
 .text._ZNSt17_Function_handlerIFvvEPS0_E10_M_managerERSt9_Any_dataRKS3_St18_Manager_operation
                0x080067ec       0x20 .pio/build/genericSTM32F401CC/SrcWrapper/src/stm32/interrupt.cpp.o
                0x080067ec                std::_Function_handler<void (), void (*)()>::_M_manager(std::_Any_data&, std::_Any_data const&, std::_Manager_operation)
 .text._ZNSt17_Function_handlerIFvvEPS0_E9_M_invokeERKSt9_Any_data
                0x0800680c        0x4 .pio/build/genericSTM32F401CC/SrcWrapper/src/stm32/interrupt.cpp.o
                0x0800680c                std::_Function_handler<void (), void (*)()>::_M_invoke(std::_Any_data const&)
 .text.startup._ZNSt8functionIFvvEEC2EDn.constprop.0.isra.0
                0x08006810        0xc .pio/build/genericSTM32F401CC/SrcWrapper/src/stm32/interrupt.cpp.o
 .text.HAL_GPIO_EXTI_Callback
                0x0800681c       0x2c .pio/build/genericSTM32F401CC/SrcWrapper/src/stm32/interrupt.cpp.o
                0x0800681c                HAL_GPIO_EXTI_Callback
 .text.EXTI0_IRQHandler
                0x08006848        0x6 .pio/build/genericSTM32F401CC/SrcWrapper/src/stm32/interrupt.cpp.o
                0x08006848                EXTI0_IRQHandler
 .text.EXTI1_IRQHandler
                0x0800684e        0x6 .pio/build/genericSTM32F401CC/SrcWrapper/src/stm32/interrupt.cpp.o
                0x0800684e                EXTI1_IRQHandler
 .text.EXTI2_IRQHandler
                0x08006854        0x6 .pio/build/genericSTM32F401CC/SrcWrapper/src/stm32/interrupt.cpp.o
                0x08006854                EXTI2_IRQHandler
 .text.EXTI3_IRQHandler
                0x0800685a        0x6 .pio/build/genericSTM32F401CC/SrcWrapper/src/stm32/interrupt.cpp.o
                0x0800685a                EXTI3_IRQHandler
 .text.EXTI4_IRQHandler
                0x08006860        0x6 .pio/build/genericSTM32F401CC/SrcWrapper/src/stm32/interrupt.cpp.o
                0x08006860                EXTI4_IRQHandler
 .text.EXTI9_5_IRQHandler
                0x08006866       0x16 .pio/build/genericSTM32F401CC/SrcWrapper/src/stm32/interrupt.cpp.o
                0x08006866                EXTI9_5_IRQHandler
 .text.EXTI15_10_IRQHandler
                0x0800687c       0x18 .pio/build/genericSTM32F401CC/SrcWrapper/src/stm32/interrupt.cpp.o
                0x0800687c                EXTI15_10_IRQHandler
 .text.startup._GLOBAL__sub_I__Z22stm32_interrupt_enable7PinNameSt8functionIFvvEEm
                0x08006894       0xd8 .pio/build/genericSTM32F401CC/SrcWrapper/src/stm32/interrupt.cpp.o
 .text.exit._GLOBAL__sub_D__Z22stm32_interrupt_enable7PinNameSt8functionIFvvEEm
                0x0800696c       0x1c .pio/build/genericSTM32F401CC/SrcWrapper/src/stm32/interrupt.cpp.o
 .text.LL_GPIO_SetPinPull
                0x08006988       0x2a .pio/build/genericSTM32F401CC/SrcWrapper/src/stm32/pinmap.c.o
 .text.pin_in_pinmap
                0x080069b2       0x1e .pio/build/genericSTM32F401CC/SrcWrapper/src/stm32/pinmap.c.o
                0x080069b2                pin_in_pinmap
 .text.pin_function
                0x080069d0      0x11c .pio/build/genericSTM32F401CC/SrcWrapper/src/stm32/pinmap.c.o
                0x080069d0                pin_function
 .text.pinmap_pinout
                0x08006aec       0x1a .pio/build/genericSTM32F401CC/SrcWrapper/src/stm32/pinmap.c.o
                0x08006aec                pinmap_pinout
 .text.pinmap_find_peripheral
                0x08006b06       0x16 .pio/build/genericSTM32F401CC/SrcWrapper/src/stm32/pinmap.c.o
                0x08006b06                pinmap_find_peripheral
 .text.pinmap_peripheral
                0x08006b1c        0xc .pio/build/genericSTM32F401CC/SrcWrapper/src/stm32/pinmap.c.o
                0x08006b1c                pinmap_peripheral
 .text.pinmap_find_pin
                0x08006b28       0x16 .pio/build/genericSTM32F401CC/SrcWrapper/src/stm32/pinmap.c.o
                0x08006b28                pinmap_find_pin
 .text.pinmap_pin
                0x08006b3e        0xc .pio/build/genericSTM32F401CC/SrcWrapper/src/stm32/pinmap.c.o
                0x08006b3e                pinmap_pin
 .text.pinmap_merge_peripheral
                0x08006b4a       0x14 .pio/build/genericSTM32F401CC/SrcWrapper/src/stm32/pinmap.c.o
                0x08006b4a                pinmap_merge_peripheral
 *fill*         0x08006b5e        0x2 
 .text.SystemInit
                0x08006b60       0x50 .pio/build/genericSTM32F401CC/SrcWrapper/src/stm32/system_stm32yyxx.c.o
                0x08006b60                SystemInit
 .text.get_timer_obj
                0x08006bb0        0x4 .pio/build/genericSTM32F401CC/SrcWrapper/src/stm32/timer.c.o
                0x08006bb0                get_timer_obj
 .text.enableTimerClock
                0x08006bb4      0x128 .pio/build/genericSTM32F401CC/SrcWrapper/src/stm32/timer.c.o
                0x08006bb4                enableTimerClock
 .text.disableTimerClock
                0x08006cdc       0xb4 .pio/build/genericSTM32F401CC/SrcWrapper/src/stm32/timer.c.o
                0x08006cdc                disableTimerClock
 .text.getTimerUpIrq
                0x08006d90       0x74 .pio/build/genericSTM32F401CC/SrcWrapper/src/stm32/timer.c.o
                0x08006d90                getTimerUpIrq
 .text.getTimerCCIrq
                0x08006e04       0x78 .pio/build/genericSTM32F401CC/SrcWrapper/src/stm32/timer.c.o
                0x08006e04                getTimerCCIrq
 .text.HAL_TIM_Base_MspInit
                0x08006e7c       0x4e .pio/build/genericSTM32F401CC/SrcWrapper/src/stm32/timer.c.o
                0x08006e7c                HAL_TIM_Base_MspInit
 *fill*         0x08006eca        0x2 
 .text.getTimerClkSrc
                0x08006ecc       0x54 .pio/build/genericSTM32F401CC/SrcWrapper/src/stm32/timer.c.o
                0x08006ecc                getTimerClkSrc
 .text.serial_rx_active
                0x08006f20       0x24 .pio/build/genericSTM32F401CC/SrcWrapper/src/stm32/uart.c.o
                0x08006f20                serial_rx_active
 .text.serial_tx_active
                0x08006f44       0x24 .pio/build/genericSTM32F401CC/SrcWrapper/src/stm32/uart.c.o
                0x08006f44                serial_tx_active
 .text.uart_attach_tx_callback
                0x08006f68       0x40 .pio/build/genericSTM32F401CC/SrcWrapper/src/stm32/uart.c.o
                0x08006f68                uart_attach_tx_callback
 .text.uart_enable_tx
                0x08006fa8       0x1c .pio/build/genericSTM32F401CC/SrcWrapper/src/stm32/uart.c.o
                0x08006fa8                uart_enable_tx
 .text.uart_enable_rx
                0x08006fc4       0x1c .pio/build/genericSTM32F401CC/SrcWrapper/src/stm32/uart.c.o
                0x08006fc4                uart_enable_rx
 .text.HAL_UART_RxCpltCallback
                0x08006fe0        0x6 .pio/build/genericSTM32F401CC/SrcWrapper/src/stm32/uart.c.o
                0x08006fe0                HAL_UART_RxCpltCallback
 .text.HAL_UART_TxCpltCallback
                0x08006fe6        0x6 .pio/build/genericSTM32F401CC/SrcWrapper/src/stm32/uart.c.o
                0x08006fe6                HAL_UART_TxCpltCallback
 .text.HAL_UART_ErrorCallback
                0x08006fec       0x7c .pio/build/genericSTM32F401CC/SrcWrapper/src/stm32/uart.c.o
                0x08006fec                HAL_UART_ErrorCallback
 .text.USART1_IRQHandler
                0x08007068       0x18 .pio/build/genericSTM32F401CC/SrcWrapper/src/stm32/uart.c.o
                0x08007068                USART1_IRQHandler
 .text.USART2_IRQHandler
                0x08007080       0x1c .pio/build/genericSTM32F401CC/SrcWrapper/src/stm32/uart.c.o
                0x08007080                USART2_IRQHandler
 .text.USART6_IRQHandler
                0x0800709c       0x18 .pio/build/genericSTM32F401CC/SrcWrapper/src/stm32/uart.c.o
                0x0800709c                USART6_IRQHandler
 .text._sbrk    0x080070b4       0x3c .pio/build/genericSTM32F401CC/SrcWrapper/src/syscalls.c.o
                0x080070b4                _sbrk
 .text._exit    0x080070f0        0x2 .pio/build/genericSTM32F401CC/SrcWrapper/src/syscalls.c.o
                0x080070f0                _exit
 *fill*         0x080070f2        0x2 
 .text._kill    0x080070f4       0x10 .pio/build/genericSTM32F401CC/SrcWrapper/src/syscalls.c.o
                0x080070f4                _kill
 .text._getpid  0x08007104        0x4 .pio/build/genericSTM32F401CC/SrcWrapper/src/syscalls.c.o
                0x08007104                _getpid
 .text._ZN13geometry_msgs7Vector37getTypeEv
                0x08007108        0x8 .pio/build/genericSTM32F401CC/src/communication_interface.cpp.o
                0x08007108                geometry_msgs::Vector3::getType()
 .text._ZN13geometry_msgs7Vector36getMD5Ev
                0x08007110        0x8 .pio/build/genericSTM32F401CC/src/communication_interface.cpp.o
                0x08007110                geometry_msgs::Vector3::getMD5()
 .text._ZNK8std_msgs4Time9serializeEPh
                0x08007118       0x28 .pio/build/genericSTM32F401CC/src/communication_interface.cpp.o
                0x08007118                std_msgs::Time::serialize(unsigned char*) const
 .text._ZN8std_msgs4Time11deserializeEPh
                0x08007140       0x3c .pio/build/genericSTM32F401CC/src/communication_interface.cpp.o
                0x08007140                std_msgs::Time::deserialize(unsigned char*)
 .text._ZN8std_msgs4Time7getTypeEv
                0x0800717c        0x8 .pio/build/genericSTM32F401CC/src/communication_interface.cpp.o
                0x0800717c                std_msgs::Time::getType()
 .text._ZN8std_msgs4Time6getMD5Ev
                0x08007184        0x8 .pio/build/genericSTM32F401CC/src/communication_interface.cpp.o
                0x08007184                std_msgs::Time::getMD5()
 .text._ZN14rosserial_msgs9TopicInfo7getTypeEv
                0x0800718c        0x8 .pio/build/genericSTM32F401CC/src/communication_interface.cpp.o
                0x0800718c                rosserial_msgs::TopicInfo::getType()
 .text._ZN14rosserial_msgs9TopicInfo6getMD5Ev
                0x08007194        0x8 .pio/build/genericSTM32F401CC/src/communication_interface.cpp.o
                0x08007194                rosserial_msgs::TopicInfo::getMD5()
 .text._ZN14rosserial_msgs3Log7getTypeEv
                0x0800719c        0x8 .pio/build/genericSTM32F401CC/src/communication_interface.cpp.o
                0x0800719c                rosserial_msgs::Log::getType()
 .text._ZN14rosserial_msgs3Log6getMD5Ev
                0x080071a4        0x8 .pio/build/genericSTM32F401CC/src/communication_interface.cpp.o
                0x080071a4                rosserial_msgs::Log::getMD5()
 .text._ZN14rosserial_msgs20RequestParamResponse7getTypeEv
                0x080071ac        0x8 .pio/build/genericSTM32F401CC/src/communication_interface.cpp.o
                0x080071ac                rosserial_msgs::RequestParamResponse::getType()
 .text._ZN14rosserial_msgs20RequestParamResponse6getMD5Ev
                0x080071b4        0x8 .pio/build/genericSTM32F401CC/src/communication_interface.cpp.o
                0x080071b4                rosserial_msgs::RequestParamResponse::getMD5()
 .text._ZNK8std_msgs4Bool9serializeEPh
                0x080071bc        0x8 .pio/build/genericSTM32F401CC/src/communication_interface.cpp.o
                0x080071bc                std_msgs::Bool::serialize(unsigned char*) const
 .text._ZN8std_msgs4Bool11deserializeEPh
                0x080071c4        0x8 .pio/build/genericSTM32F401CC/src/communication_interface.cpp.o
                0x080071c4                std_msgs::Bool::deserialize(unsigned char*)
 .text._ZN8std_msgs4Bool7getTypeEv
                0x080071cc        0x8 .pio/build/genericSTM32F401CC/src/communication_interface.cpp.o
                0x080071cc                std_msgs::Bool::getType()
 .text._ZN8std_msgs4Bool6getMD5Ev
                0x080071d4        0x8 .pio/build/genericSTM32F401CC/src/communication_interface.cpp.o
                0x080071d4                std_msgs::Bool::getMD5()
 .text._ZNK8std_msgs7Float329serializeEPh
                0x080071dc       0x14 .pio/build/genericSTM32F401CC/src/communication_interface.cpp.o
                0x080071dc                std_msgs::Float32::serialize(unsigned char*) const
 .text._ZN8std_msgs7Float3211deserializeEPh
                0x080071f0        0x8 .pio/build/genericSTM32F401CC/src/communication_interface.cpp.o
                0x080071f0                std_msgs::Float32::deserialize(unsigned char*)
 .text._ZN8std_msgs7Float327getTypeEv
                0x080071f8        0x8 .pio/build/genericSTM32F401CC/src/communication_interface.cpp.o
                0x080071f8                std_msgs::Float32::getType()
 .text._ZN8std_msgs7Float326getMD5Ev
                0x08007200        0x8 .pio/build/genericSTM32F401CC/src/communication_interface.cpp.o
                0x08007200                std_msgs::Float32::getMD5()
 .text._ZNK8std_msgs5Int169serializeEPh
                0x08007208       0x10 .pio/build/genericSTM32F401CC/src/communication_interface.cpp.o
                0x08007208                std_msgs::Int16::serialize(unsigned char*) const
 .text._ZN8std_msgs5Int1611deserializeEPh
                0x08007218        0x8 .pio/build/genericSTM32F401CC/src/communication_interface.cpp.o
                0x08007218                std_msgs::Int16::deserialize(unsigned char*)
 .text._ZN8std_msgs5Int167getTypeEv
                0x08007220        0x8 .pio/build/genericSTM32F401CC/src/communication_interface.cpp.o
                0x08007220                std_msgs::Int16::getType()
 .text._ZN8std_msgs5Int166getMD5Ev
                0x08007228        0x8 .pio/build/genericSTM32F401CC/src/communication_interface.cpp.o
                0x08007228                std_msgs::Int16::getMD5()
 .text._ZN8std_msgs19MultiArrayDimension7getTypeEv
                0x08007230        0x8 .pio/build/genericSTM32F401CC/src/communication_interface.cpp.o
                0x08007230                std_msgs::MultiArrayDimension::getType()
 .text._ZN8std_msgs19MultiArrayDimension6getMD5Ev
                0x08007238        0x8 .pio/build/genericSTM32F401CC/src/communication_interface.cpp.o
                0x08007238                std_msgs::MultiArrayDimension::getMD5()
 .text._ZNK8std_msgs16MultiArrayLayout9serializeEPh
                0x08007240       0x50 .pio/build/genericSTM32F401CC/src/communication_interface.cpp.o
                0x08007240                std_msgs::MultiArrayLayout::serialize(unsigned char*) const
 .text._ZN8std_msgs16MultiArrayLayout7getTypeEv
                0x08007290        0x8 .pio/build/genericSTM32F401CC/src/communication_interface.cpp.o
                0x08007290                std_msgs::MultiArrayLayout::getType()
 .text._ZN8std_msgs16MultiArrayLayout6getMD5Ev
                0x08007298        0x8 .pio/build/genericSTM32F401CC/src/communication_interface.cpp.o
                0x08007298                std_msgs::MultiArrayLayout::getMD5()
 .text._ZNK8std_msgs15Int32MultiArray9serializeEPh
                0x080072a0       0x4c .pio/build/genericSTM32F401CC/src/communication_interface.cpp.o
                0x080072a0                std_msgs::Int32MultiArray::serialize(unsigned char*) const
 .text._ZN8std_msgs15Int32MultiArray7getTypeEv
                0x080072ec        0x8 .pio/build/genericSTM32F401CC/src/communication_interface.cpp.o
                0x080072ec                std_msgs::Int32MultiArray::getType()
 .text._ZN8std_msgs15Int32MultiArray6getMD5Ev
                0x080072f4        0x8 .pio/build/genericSTM32F401CC/src/communication_interface.cpp.o
                0x080072f4                std_msgs::Int32MultiArray::getMD5()
 .text._ZN3ros10SubscriberIN8std_msgs5Int16EvE8callbackEPh
                0x080072fc       0x18 .pio/build/genericSTM32F401CC/src/communication_interface.cpp.o
                0x080072fc                ros::Subscriber<std_msgs::Int16, void>::callback(unsigned char*)
 .text._ZN3ros10SubscriberIN8std_msgs5Int16EvE15getEndpointTypeEv
                0x08007314        0x4 .pio/build/genericSTM32F401CC/src/communication_interface.cpp.o
                0x08007314                ros::Subscriber<std_msgs::Int16, void>::getEndpointType()
 .text._ZN3ros10SubscriberIN8std_msgs5Int16EvE10getMsgTypeEv
                0x08007318        0x8 .pio/build/genericSTM32F401CC/src/communication_interface.cpp.o
                0x08007318                ros::Subscriber<std_msgs::Int16, void>::getMsgType()
 .text._ZN3ros10SubscriberIN8std_msgs5Int16EvE9getMsgMD5Ev
                0x08007320        0x8 .pio/build/genericSTM32F401CC/src/communication_interface.cpp.o
                0x08007320                ros::Subscriber<std_msgs::Int16, void>::getMsgMD5()
 .text._ZN3ros10SubscriberIN8std_msgs15Int32MultiArrayEvE15getEndpointTypeEv
                0x08007328        0x4 .pio/build/genericSTM32F401CC/src/communication_interface.cpp.o
                0x08007328                ros::Subscriber<std_msgs::Int32MultiArray, void>::getEndpointType()
 .text._ZN3ros10SubscriberIN8std_msgs15Int32MultiArrayEvE10getMsgTypeEv
                0x0800732c        0x8 .pio/build/genericSTM32F401CC/src/communication_interface.cpp.o
                0x0800732c                ros::Subscriber<std_msgs::Int32MultiArray, void>::getMsgType()
 .text._ZN3ros10SubscriberIN8std_msgs15Int32MultiArrayEvE9getMsgMD5Ev
                0x08007334        0x8 .pio/build/genericSTM32F401CC/src/communication_interface.cpp.o
                0x08007334                ros::Subscriber<std_msgs::Int32MultiArray, void>::getMsgMD5()
 .text._ZN3ros11NodeHandle_I15ArduinoHardwareLi25ELi25ELi512ELi512EE9connectedEv
                0x0800733c        0x6 .pio/build/genericSTM32F401CC/src/communication_interface.cpp.o
                0x0800733c                ros::NodeHandle_<ArduinoHardware, 25, 25, 512, 512>::connected()
 .text._Z10throttleCbRKN8std_msgs15Int32MultiArrayE
                0x08007342       0x22 .pio/build/genericSTM32F401CC/src/communication_interface.cpp.o
                0x08007342                throttleCb(std_msgs::Int32MultiArray const&)
 .text._ZN3ros11NodeHandle_I15ArduinoHardwareLi25ELi25ELi512ELi512EE9advertiseERNS_9PublisherE.isra.0
                0x08007364       0x26 .pio/build/genericSTM32F401CC/src/communication_interface.cpp.o
 .text._ZN3ros9Publisher7publishEPKNS_3MsgE.isra.0
                0x0800738a       0x16 .pio/build/genericSTM32F401CC/src/communication_interface.cpp.o
 .text._ZN3ros3Msg19serializeAvrFloat64EPhf
                0x080073a0       0x78 .pio/build/genericSTM32F401CC/src/communication_interface.cpp.o
                0x080073a0                ros::Msg::serializeAvrFloat64(unsigned char*, float)
 .text._ZNK13geometry_msgs7Vector39serializeEPh
                0x08007418       0x2c .pio/build/genericSTM32F401CC/src/communication_interface.cpp.o
                0x08007418                geometry_msgs::Vector3::serialize(unsigned char*) const
 .text._ZN3ros3Msg21deserializeAvrFloat64EPKhPf
                0x08007444       0x82 .pio/build/genericSTM32F401CC/src/communication_interface.cpp.o
                0x08007444                ros::Msg::deserializeAvrFloat64(unsigned char const*, float*)
 .text._ZN13geometry_msgs7Vector311deserializeEPh
                0x080074c6       0x2a .pio/build/genericSTM32F401CC/src/communication_interface.cpp.o
                0x080074c6                geometry_msgs::Vector3::deserialize(unsigned char*)
 .text._Z23initializeCommunicationv
                0x080074f0       0x90 .pio/build/genericSTM32F401CC/src/communication_interface.cpp.o
                0x080074f0                initializeCommunication()
 .text._Z9sendDepthf
                0x08007580       0x14 .pio/build/genericSTM32F401CC/src/communication_interface.cpp.o
                0x08007580                sendDepth(float)
 .text._Z15sendOrientationfff
                0x08007594       0x1c .pio/build/genericSTM32F401CC/src/communication_interface.cpp.o
                0x08007594                sendOrientation(float, float, float)
 .text._ZN3ros3Msg8varToArrIPhmEEvT_T0_
                0x080075b0       0x10 .pio/build/genericSTM32F401CC/src/communication_interface.cpp.o
                0x080075b0                void ros::Msg::varToArr<unsigned char*, unsigned long>(unsigned char*, unsigned long)
 .text._ZNK8std_msgs19MultiArrayDimension9serializeEPh
                0x080075c0       0x4c .pio/build/genericSTM32F401CC/src/communication_interface.cpp.o
                0x080075c0                std_msgs::MultiArrayDimension::serialize(unsigned char*) const
 .text._ZNK14rosserial_msgs20RequestParamResponse9serializeEPh
                0x0800760c       0xe4 .pio/build/genericSTM32F401CC/src/communication_interface.cpp.o
                0x0800760c                rosserial_msgs::RequestParamResponse::serialize(unsigned char*) const
 .text._ZNK14rosserial_msgs3Log9serializeEPh
                0x080076f0       0x2c .pio/build/genericSTM32F401CC/src/communication_interface.cpp.o
                0x080076f0                rosserial_msgs::Log::serialize(unsigned char*) const
 .text._ZNK14rosserial_msgs9TopicInfo9serializeEPh
                0x0800771c       0x7e .pio/build/genericSTM32F401CC/src/communication_interface.cpp.o
                0x0800771c                rosserial_msgs::TopicInfo::serialize(unsigned char*) const
 .text._ZN3ros3Msg8arrToVarImPhEEvRT_T0_
                0x0800779a       0x1c .pio/build/genericSTM32F401CC/src/communication_interface.cpp.o
                0x0800779a                void ros::Msg::arrToVar<unsigned long, unsigned char*>(unsigned long&, unsigned char*)
 .text._ZN14rosserial_msgs3Log11deserializeEPh
                0x080077b6       0x34 .pio/build/genericSTM32F401CC/src/communication_interface.cpp.o
                0x080077b6                rosserial_msgs::Log::deserialize(unsigned char*)
 .text._ZN8std_msgs19MultiArrayDimension11deserializeEPh
                0x080077ea       0x68 .pio/build/genericSTM32F401CC/src/communication_interface.cpp.o
                0x080077ea                std_msgs::MultiArrayDimension::deserialize(unsigned char*)
 .text._ZN8std_msgs16MultiArrayLayout11deserializeEPh
                0x08007852       0x74 .pio/build/genericSTM32F401CC/src/communication_interface.cpp.o
                0x08007852                std_msgs::MultiArrayLayout::deserialize(unsigned char*)
 .text._ZN8std_msgs15Int32MultiArray11deserializeEPh
                0x080078c6       0x66 .pio/build/genericSTM32F401CC/src/communication_interface.cpp.o
                0x080078c6                std_msgs::Int32MultiArray::deserialize(unsigned char*)
 .text._ZN3ros10SubscriberIN8std_msgs15Int32MultiArrayEvE8callbackEPh
                0x0800792c       0x18 .pio/build/genericSTM32F401CC/src/communication_interface.cpp.o
                0x0800792c                ros::Subscriber<std_msgs::Int32MultiArray, void>::callback(unsigned char*)
 .text._ZN14rosserial_msgs9TopicInfo11deserializeEPh
                0x08007944       0xcc .pio/build/genericSTM32F401CC/src/communication_interface.cpp.o
                0x08007944                rosserial_msgs::TopicInfo::deserialize(unsigned char*)
 .text._ZN14rosserial_msgs20RequestParamResponse11deserializeEPh
                0x08007a10       0xfc .pio/build/genericSTM32F401CC/src/communication_interface.cpp.o
                0x08007a10                rosserial_msgs::RequestParamResponse::deserialize(unsigned char*)
 .text._ZN3ros11NodeHandle_I15ArduinoHardwareLi25ELi25ELi512ELi512EE3logEcPKc
                0x08007b0c       0x20 .pio/build/genericSTM32F401CC/src/communication_interface.cpp.o
                0x08007b0c                ros::NodeHandle_<ArduinoHardware, 25, 25, 512, 512>::log(char, char const*)
 .text._Z5ledCbRKN8std_msgs5Int16E
                0x08007b2c       0x20 .pio/build/genericSTM32F401CC/src/communication_interface.cpp.o
                0x08007b2c                ledCb(std_msgs::Int16 const&)
 .text._ZN3ros11NodeHandle_I15ArduinoHardwareLi25ELi25ELi512ELi512EE7publishEiPKNS_3MsgE
                0x08007b4c       0x98 .pio/build/genericSTM32F401CC/src/communication_interface.cpp.o
                0x08007b4c                ros::NodeHandle_<ArduinoHardware, 25, 25, 512, 512>::publish(int, ros::Msg const*)
 .text._ZN3ros11NodeHandle_I15ArduinoHardwareLi25ELi25ELi512ELi512EE15requestSyncTimeEv
                0x08007be4       0x28 .pio/build/genericSTM32F401CC/src/communication_interface.cpp.o
                0x08007be4                ros::NodeHandle_<ArduinoHardware, 25, 25, 512, 512>::requestSyncTime()
 .text._ZN3ros11NodeHandle_I15ArduinoHardwareLi25ELi25ELi512ELi512EE15negotiateTopicsEv
                0x08007c0c       0xb8 .pio/build/genericSTM32F401CC/src/communication_interface.cpp.o
                0x08007c0c                ros::NodeHandle_<ArduinoHardware, 25, 25, 512, 512>::negotiateTopics()
 .text._ZN3ros11NodeHandle_I15ArduinoHardwareLi25ELi25ELi512ELi512EE8syncTimeEPh
                0x08007cc4       0x7c .pio/build/genericSTM32F401CC/src/communication_interface.cpp.o
                0x08007cc4                ros::NodeHandle_<ArduinoHardware, 25, 25, 512, 512>::syncTime(unsigned char*)
 .text._ZN3ros11NodeHandle_I15ArduinoHardwareLi25ELi25ELi512ELi512EE8spinOnceEv
                0x08007d40      0x1fc .pio/build/genericSTM32F401CC/src/communication_interface.cpp.o
                0x08007d40                ros::NodeHandle_<ArduinoHardware, 25, 25, 512, 512>::spinOnce()
 .text._Z16checkForCommandsv
                0x08007f3c       0x10 .pio/build/genericSTM32F401CC/src/communication_interface.cpp.o
                0x08007f3c                checkForCommands()
 .text.startup._GLOBAL__sub_I_orientation_RPY
                0x08007f4c      0x1f8 .pio/build/genericSTM32F401CC/src/communication_interface.cpp.o
 .text._Z13initializeLEDv
                0x08008144       0x30 .pio/build/genericSTM32F401CC/src/diagnostics.cpp.o
                0x08008144                initializeLED()
 .text._Z6setLEDs
                0x08008174       0x7c .pio/build/genericSTM32F401CC/src/diagnostics.cpp.o
                0x08008174                setLED(short)
 .text.setup    0x080081f0       0x94 .pio/build/genericSTM32F401CC/src/main.cpp.o
                0x080081f0                setup
 .text.loop     0x08008284       0x80 .pio/build/genericSTM32F401CC/src/main.cpp.o
                0x08008284                loop
 .text.startup._GLOBAL__sub_I_ax
                0x08008304       0x20 .pio/build/genericSTM32F401CC/src/main.cpp.o
 .text.exit._GLOBAL__sub_D_ax
                0x08008324        0xc .pio/build/genericSTM32F401CC/src/main.cpp.o
 .text._Z13initializeIMUv
                0x08008330       0x14 .pio/build/genericSTM32F401CC/src/sensor_interface.cpp.o
                0x08008330                initializeIMU()
 .text._Z21initializeDepthSensorv
                0x08008344       0x28 .pio/build/genericSTM32F401CC/src/sensor_interface.cpp.o
                0x08008344                initializeDepthSensor()
 *fill*         0x0800836c        0x4 
 .text._Z17quaternionToEulerffffP7euler_tb
                0x08008370      0x170 .pio/build/genericSTM32F401CC/src/sensor_interface.cpp.o
                0x08008370                quaternionToEuler(float, float, float, float, euler_t*, bool)
 .text._Z19quaternionToEulerRVP22sh2_RotationVectorWAccP7euler_tb
                0x080084e0       0x1a .pio/build/genericSTM32F401CC/src/sensor_interface.cpp.o
                0x080084e0                quaternionToEulerRV(sh2_RotationVectorWAcc*, euler_t*, bool)
 *fill*         0x080084fa        0x2 
 .text._Z17updateOrientationRfS_S_
                0x080084fc       0x90 .pio/build/genericSTM32F401CC/src/sensor_interface.cpp.o
                0x080084fc                updateOrientation(float&, float&, float&)
 .text._Z25updateDepthSensorReadingsRf
                0x0800858c       0x1c .pio/build/genericSTM32F401CC/src/sensor_interface.cpp.o
                0x0800858c                updateDepthSensorReadings(float&)
 .text._Z19initializeThrustersv
                0x080085a8       0x3c .pio/build/genericSTM32F401CC/src/thruster_interface.cpp.o
                0x080085a8                initializeThrusters()
 .text._Z19setThrusterThrottlePKl
                0x080085e4       0x24 .pio/build/genericSTM32F401CC/src/thruster_interface.cpp.o
                0x080085e4                setThrusterThrottle(long const*)
 .text.startup._GLOBAL__sub_I_g_thrusters
                0x08008608       0x18 .pio/build/genericSTM32F401CC/src/thruster_interface.cpp.o
 .text._ZN5Print17availableForWriteEv
                0x08008620        0x4 .pio/build/genericSTM32F401CC/lib9f7/libWire.a(Wire.cpp.o)
                0x08008620                Print::availableForWrite()
 .text._ZN7TwoWire9availableEv
                0x08008624        0x8 .pio/build/genericSTM32F401CC/lib9f7/libWire.a(Wire.cpp.o)
                0x08008624                TwoWire::available()
 .text._ZN7TwoWire4readEv
                0x0800862c       0x1a .pio/build/genericSTM32F401CC/lib9f7/libWire.a(Wire.cpp.o)
                0x0800862c                TwoWire::read()
 .text._ZN7TwoWire4peekEv
                0x08008646       0x12 .pio/build/genericSTM32F401CC/lib9f7/libWire.a(Wire.cpp.o)
                0x08008646                TwoWire::peek()
 .text._ZN7TwoWire16onRequestServiceEP5i2c_s
                0x08008658       0x16 .pio/build/genericSTM32F401CC/lib9f7/libWire.a(Wire.cpp.o)
                0x08008658                TwoWire::onRequestService(i2c_s*)
 *fill*         0x0800866e        0x2 
 .text._ZN7TwoWireC2Emm
                0x08008670       0xcc .pio/build/genericSTM32F401CC/lib9f7/libWire.a(Wire.cpp.o)
                0x08008670                TwoWire::TwoWire(unsigned long, unsigned long)
                0x08008670                TwoWire::TwoWire(unsigned long, unsigned long)
 .text._ZN7TwoWire3endEv
                0x0800873c       0x28 .pio/build/genericSTM32F401CC/lib9f7/libWire.a(Wire.cpp.o)
                0x0800873c                TwoWire::end()
 .text._ZN7TwoWireD2Ev
                0x08008764       0x28 .pio/build/genericSTM32F401CC/lib9f7/libWire.a(Wire.cpp.o)
                0x08008764                TwoWire::~TwoWire()
                0x08008764                TwoWire::~TwoWire()
 .text._ZN7TwoWire17beginTransmissionEh
                0x0800878c       0x10 .pio/build/genericSTM32F401CC/lib9f7/libWire.a(Wire.cpp.o)
                0x0800878c                TwoWire::beginTransmission(unsigned char)
 .text._ZN7TwoWire16allocateRxBufferEj
                0x0800879c       0x24 .pio/build/genericSTM32F401CC/lib9f7/libWire.a(Wire.cpp.o)
                0x0800879c                TwoWire::allocateRxBuffer(unsigned int)
 .text._ZN7TwoWire16onReceiveServiceEP5i2c_s
                0x080087c0       0x4c .pio/build/genericSTM32F401CC/lib9f7/libWire.a(Wire.cpp.o)
                0x080087c0                TwoWire::onReceiveService(i2c_s*)
 .text._ZN7TwoWire16allocateTxBufferEj
                0x0800880c       0x32 .pio/build/genericSTM32F401CC/lib9f7/libWire.a(Wire.cpp.o)
                0x0800880c                TwoWire::allocateTxBuffer(unsigned int)
 .text._ZN7TwoWire5writeEh
                0x0800883e       0x42 .pio/build/genericSTM32F401CC/lib9f7/libWire.a(Wire.cpp.o)
                0x0800883e                TwoWire::write(unsigned char)
 .text._ZN7TwoWire5writeEPKhj
                0x08008880       0x42 .pio/build/genericSTM32F401CC/lib9f7/libWire.a(Wire.cpp.o)
                0x08008880                TwoWire::write(unsigned char const*, unsigned int)
 .text._ZN7TwoWire13resetRxBufferEv
                0x080088c2       0x10 .pio/build/genericSTM32F401CC/lib9f7/libWire.a(Wire.cpp.o)
                0x080088c2                TwoWire::resetRxBuffer()
 .text._ZN7TwoWire13resetTxBufferEv
                0x080088d2       0x10 .pio/build/genericSTM32F401CC/lib9f7/libWire.a(Wire.cpp.o)
                0x080088d2                TwoWire::resetTxBuffer()
 .text._ZN7TwoWire15endTransmissionEh
                0x080088e2       0x46 .pio/build/genericSTM32F401CC/lib9f7/libWire.a(Wire.cpp.o)